Archive member included to satisfy reference by file (symbol)

C:/ST/STM32CubeIDE_1.14.0/STM32CubeIDE/plugins/com.st.stm32cube.ide.mcu.externaltools.gnu-tools-for-stm32.11.3.rel1.win32_1.1.100.202309141235/tools/bin/../lib/gcc/arm-none-eabi/11.3.1/../../../../arm-none-eabi/lib/thumb/v7e-m+fp/hard\libc_nano.a(libc_a-exit.o)
                              C:/ST/STM32CubeIDE_1.14.0/STM32CubeIDE/plugins/com.st.stm32cube.ide.mcu.externaltools.gnu-tools-for-stm32.11.3.rel1.win32_1.1.100.202309141235/tools/bin/../lib/gcc/arm-none-eabi/11.3.1/../../../../arm-none-eabi/lib/thumb/v7e-m+fp/hard/crt0.o (exit)
C:/ST/STM32CubeIDE_1.14.0/STM32CubeIDE/plugins/com.st.stm32cube.ide.mcu.externaltools.gnu-tools-for-stm32.11.3.rel1.win32_1.1.100.202309141235/tools/bin/../lib/gcc/arm-none-eabi/11.3.1/../../../../arm-none-eabi/lib/thumb/v7e-m+fp/hard\libc_nano.a(libc_a-findfp.o)
                              C:/ST/STM32CubeIDE_1.14.0/STM32CubeIDE/plugins/com.st.stm32cube.ide.mcu.externaltools.gnu-tools-for-stm32.11.3.rel1.win32_1.1.100.202309141235/tools/bin/../lib/gcc/arm-none-eabi/11.3.1/../../../../arm-none-eabi/lib/thumb/v7e-m+fp/hard\libc_nano.a(libc_a-exit.o) (__stdio_exit_handler)
C:/ST/STM32CubeIDE_1.14.0/STM32CubeIDE/plugins/com.st.stm32cube.ide.mcu.externaltools.gnu-tools-for-stm32.11.3.rel1.win32_1.1.100.202309141235/tools/bin/../lib/gcc/arm-none-eabi/11.3.1/../../../../arm-none-eabi/lib/thumb/v7e-m+fp/hard\libc_nano.a(libc_a-fwalk.o)
                              C:/ST/STM32CubeIDE_1.14.0/STM32CubeIDE/plugins/com.st.stm32cube.ide.mcu.externaltools.gnu-tools-for-stm32.11.3.rel1.win32_1.1.100.202309141235/tools/bin/../lib/gcc/arm-none-eabi/11.3.1/../../../../arm-none-eabi/lib/thumb/v7e-m+fp/hard\libc_nano.a(libc_a-findfp.o) (_fwalk_sglue)
C:/ST/STM32CubeIDE_1.14.0/STM32CubeIDE/plugins/com.st.stm32cube.ide.mcu.externaltools.gnu-tools-for-stm32.11.3.rel1.win32_1.1.100.202309141235/tools/bin/../lib/gcc/arm-none-eabi/11.3.1/../../../../arm-none-eabi/lib/thumb/v7e-m+fp/hard\libc_nano.a(libc_a-stdio.o)
                              C:/ST/STM32CubeIDE_1.14.0/STM32CubeIDE/plugins/com.st.stm32cube.ide.mcu.externaltools.gnu-tools-for-stm32.11.3.rel1.win32_1.1.100.202309141235/tools/bin/../lib/gcc/arm-none-eabi/11.3.1/../../../../arm-none-eabi/lib/thumb/v7e-m+fp/hard\libc_nano.a(libc_a-findfp.o) (__sread)
C:/ST/STM32CubeIDE_1.14.0/STM32CubeIDE/plugins/com.st.stm32cube.ide.mcu.externaltools.gnu-tools-for-stm32.11.3.rel1.win32_1.1.100.202309141235/tools/bin/../lib/gcc/arm-none-eabi/11.3.1/../../../../arm-none-eabi/lib/thumb/v7e-m+fp/hard\libc_nano.a(libc_a-memset.o)
                              C:/ST/STM32CubeIDE_1.14.0/STM32CubeIDE/plugins/com.st.stm32cube.ide.mcu.externaltools.gnu-tools-for-stm32.11.3.rel1.win32_1.1.100.202309141235/tools/bin/../lib/gcc/arm-none-eabi/11.3.1/../../../../arm-none-eabi/lib/thumb/v7e-m+fp/hard/crt0.o (memset)
C:/ST/STM32CubeIDE_1.14.0/STM32CubeIDE/plugins/com.st.stm32cube.ide.mcu.externaltools.gnu-tools-for-stm32.11.3.rel1.win32_1.1.100.202309141235/tools/bin/../lib/gcc/arm-none-eabi/11.3.1/../../../../arm-none-eabi/lib/thumb/v7e-m+fp/hard\libc_nano.a(libc_a-closer.o)
                              C:/ST/STM32CubeIDE_1.14.0/STM32CubeIDE/plugins/com.st.stm32cube.ide.mcu.externaltools.gnu-tools-for-stm32.11.3.rel1.win32_1.1.100.202309141235/tools/bin/../lib/gcc/arm-none-eabi/11.3.1/../../../../arm-none-eabi/lib/thumb/v7e-m+fp/hard\libc_nano.a(libc_a-stdio.o) (_close_r)
C:/ST/STM32CubeIDE_1.14.0/STM32CubeIDE/plugins/com.st.stm32cube.ide.mcu.externaltools.gnu-tools-for-stm32.11.3.rel1.win32_1.1.100.202309141235/tools/bin/../lib/gcc/arm-none-eabi/11.3.1/../../../../arm-none-eabi/lib/thumb/v7e-m+fp/hard\libc_nano.a(libc_a-reent.o)
                              C:/ST/STM32CubeIDE_1.14.0/STM32CubeIDE/plugins/com.st.stm32cube.ide.mcu.externaltools.gnu-tools-for-stm32.11.3.rel1.win32_1.1.100.202309141235/tools/bin/../lib/gcc/arm-none-eabi/11.3.1/../../../../arm-none-eabi/lib/thumb/v7e-m+fp/hard\libc_nano.a(libc_a-closer.o) (errno)
C:/ST/STM32CubeIDE_1.14.0/STM32CubeIDE/plugins/com.st.stm32cube.ide.mcu.externaltools.gnu-tools-for-stm32.11.3.rel1.win32_1.1.100.202309141235/tools/bin/../lib/gcc/arm-none-eabi/11.3.1/../../../../arm-none-eabi/lib/thumb/v7e-m+fp/hard\libc_nano.a(libc_a-impure.o)
                              C:/ST/STM32CubeIDE_1.14.0/STM32CubeIDE/plugins/com.st.stm32cube.ide.mcu.externaltools.gnu-tools-for-stm32.11.3.rel1.win32_1.1.100.202309141235/tools/bin/../lib/gcc/arm-none-eabi/11.3.1/../../../../arm-none-eabi/lib/thumb/v7e-m+fp/hard\libc_nano.a(libc_a-reent.o) (_impure_ptr)
C:/ST/STM32CubeIDE_1.14.0/STM32CubeIDE/plugins/com.st.stm32cube.ide.mcu.externaltools.gnu-tools-for-stm32.11.3.rel1.win32_1.1.100.202309141235/tools/bin/../lib/gcc/arm-none-eabi/11.3.1/../../../../arm-none-eabi/lib/thumb/v7e-m+fp/hard\libc_nano.a(libc_a-lseekr.o)
[...]
Memory Configuration

Name             Origin             Length             Attributes
FLASH            0x0000000008000000 0x0000000000200000 xr
RAM              0x0000000020000000 0x0000000000050000 xrw
CCMRAM           0x0000000010000000 0x0000000000010000 rw
*default*        0x0000000000000000 0xffffffffffffffff

Linker script and memory map

LOAD C:/ST/STM32CubeIDE_1.14.0/STM32CubeIDE/plugins/com.st.stm32cube.ide.mcu.externaltools.gnu-tools-for-stm32.11.3.rel1.win32_1.1.100.202309141235/tools/bin/../lib/gcc/arm-none-eabi/11.3.1/thumb/v7e-m+fp/hard/crti.o
LOAD C:/ST/STM32CubeIDE_1.14.0/STM32CubeIDE/plugins/com.st.stm32cube.ide.mcu.externaltools.gnu-tools-for-stm32.11.3.rel1.win32_1.1.100.202309141235/tools/bin/../lib/gcc/arm-none-eabi/11.3.1/thumb/v7e-m+fp/hard/crtbegin.o
LOAD C:/ST/STM32CubeIDE_1.14.0/STM32CubeIDE/plugins/com.st.stm32cube.ide.mcu.externaltools.gnu-tools-for-stm32.11.3.rel1.win32_1.1.100.202309141235/tools/bin/../lib/gcc/arm-none-eabi/11.3.1/../../../../arm-none-eabi/lib/thumb/v7e-m+fp/hard/crt0.o
LOAD ./Drivers/BSP/Components/nt35510.o
LOAD ./Drivers/BSP/Components/otm8009a.o
LOAD ./Drivers/BSP/STM32469I-Discovery/stm32469i_discovery.o
LOAD ./Drivers/BSP/STM32469I-Discovery/stm32469i_discovery_lcd.o
LOAD ./Drivers/BSP/STM32469I-Discovery/stm32469i_discovery_qspi.o
LOAD ./Drivers/BSP/STM32469I-Discovery/stm32469i_discovery_sdram.o
LOAD ./Drivers/CMSIS/system_stm32f4xx.o
LOAD ./Drivers/STM32F4xx_HAL_Driver/stm32f4xx_hal.o
LOAD ./Drivers/STM32F4xx_HAL_Driver/stm32f4xx_hal_cortex.o
LOAD ./Drivers/STM32F4xx_HAL_Driver/stm32f4xx_hal_dma.o
LOAD ./Drivers/STM32F4xx_HAL_Driver/stm32f4xx_hal_dma2d.o
LOAD ./Drivers/STM32F4xx_HAL_Driver/stm32f4xx_hal_dsi.o
LOAD ./Drivers/STM32F4xx_HAL_Driver/stm32f4xx_hal_gpio.o
LOAD ./Drivers/STM32F4xx_HAL_Driver/stm32f4xx_hal_i2c.o
LOAD ./Drivers/STM32F4xx_HAL_Driver/stm32f4xx_hal_i2c_ex.o
LOAD ./Drivers/STM32F4xx_HAL_Driver/stm32f4xx_hal_ltdc.o
LOAD ./Drivers/STM32F4xx_HAL_Driver/stm32f4xx_hal_ltdc_ex.o
LOAD ./Drivers/STM32F4xx_HAL_Driver/stm32f4xx_hal_pwr.o
LOAD ./Drivers/STM32F4xx_HAL_Driver/stm32f4xx_hal_pwr_ex.o
LOAD ./Drivers/STM32F4xx_HAL_Driver/stm32f4xx_hal_qspi.o
LOAD ./Drivers/STM32F4xx_HAL_Driver/stm32f4xx_hal_rcc.o
LOAD ./Drivers/STM32F4xx_HAL_Driver/stm32f4xx_hal_rcc_ex.o
LOAD ./Drivers/STM32F4xx_HAL_Driver/stm32f4xx_hal_sdram.o
LOAD ./Drivers/STM32F4xx_HAL_Driver/stm32f4xx_hal_sram.o
LOAD ./Drivers/STM32F4xx_HAL_Driver/stm32f4xx_hal_uart.o
LOAD ./Drivers/STM32F4xx_HAL_Driver/stm32f4xx_ll_fmc.o
LOAD ./Example/Startup/startup_stm32f469nihx.o
LOAD ./Example/User/main.o
LOAD ./Example/User/stm32f4xx_hal_msp.o
LOAD ./Example/User/stm32f4xx_it.o
LOAD ./Example/User/syscalls.o
LOAD ./Example/User/sysmem.o
START GROUP
LOAD C:/ST/STM32CubeIDE_1.14.0/STM32CubeIDE/plugins/com.st.stm32cube.ide.mcu.externaltools.gnu-tools-for-stm32.11.3.rel1.win32_1.1.100.202309141235/tools/bin/../lib/gcc/arm-none-eabi/11.3.1/../../../../arm-none-eabi/lib/thumb/v7e-m+fp/hard\libc_nano.a
LOAD C:/ST/STM32CubeIDE_1.14.0/STM32CubeIDE/plugins/com.st.stm32cube.ide.mcu.externaltools.gnu-tools-for-stm32.11.3.rel1.win32_1.1.100.202309141235/tools/bin/../lib/gcc/arm-none-eabi/11.3.1/../../../../arm-none-eabi/lib/thumb/v7e-m+fp/hard\libm.a
END GROUP
START GROUP
LOAD C:/ST/STM32CubeIDE_1.14.0/STM32CubeIDE/plugins/com.st.stm32cube.ide.mcu.externaltools.gnu-tools-for-stm32.11.3.rel1.win32_1.1.100.202309141235/tools/bin/../lib/gcc/arm-none-eabi/11.3.1/thumb/v7e-m+fp/hard\libgcc.a
LOAD C:/ST/STM32CubeIDE_1.14.0/STM32CubeIDE/plugins/com.st.stm32cube.ide.mcu.externaltools.gnu-tools-for-stm32.11.3.rel1.win32_1.1.100.202309141235/tools/bin/../lib/gcc/arm-none-eabi/11.3.1/../../../../arm-none-eabi/lib/thumb/v7e-m+fp/hard\libc_nano.a
END GROUP
START GROUP
LOAD C:/ST/STM32CubeIDE_1.14.0/STM32CubeIDE/plugins/com.st.stm32cube.ide.mcu.externaltools.gnu-tools-for-stm32.11.3.rel1.win32_1.1.100.202309141235/tools/bin/../lib/gcc/arm-none-eabi/11.3.1/thumb/v7e-m+fp/hard\libgcc.a
LOAD C:/ST/STM32CubeIDE_1.14.0/STM32CubeIDE/plugins/com.st.stm32cube.ide.mcu.externaltools.gnu-tools-for-stm32.11.3.rel1.win32_1.1.100.202309141235/tools/bin/../lib/gcc/arm-none-eabi/11.3.1/../../../../arm-none-eabi/lib/thumb/v7e-m+fp/hard\libc_nano.a
LOAD C:/ST/STM32CubeIDE_1.14.0/STM32CubeIDE/plugins/com.st.stm32cube.ide.mcu.externaltools.gnu-tools-for-stm32.11.3.rel1.win32_1.1.100.202309141235/tools/bin/../lib/gcc/arm-none-eabi/11.3.1/../../../../arm-none-eabi/lib/thumb/v7e-m+fp/hard\libnosys.a
END GROUP
START GROUP
LOAD C:/ST/STM32CubeIDE_1.14.0/STM32CubeIDE/plugins/com.st.stm32cube.ide.mcu.externaltools.gnu-tools-for-stm32.11.3.rel1.win32_1.1.100.202309141235/tools/bin/../lib/gcc/arm-none-eabi/11.3.1/thumb/v7e-m+fp/hard\libgcc.a
LOAD C:/ST/STM32CubeIDE_1.14.0/STM32CubeIDE/plugins/com.st.stm32cube.ide.mcu.externaltools.gnu-tools-for-stm32.11.3.rel1.win32_1.1.100.202309141235/tools/bin/../lib/gcc/arm-none-eabi/11.3.1/../../../../arm-none-eabi/lib/thumb/v7e-m+fp/hard\libc_nano.a
LOAD C:/ST/STM32CubeIDE_1.14.0/STM32CubeIDE/plugins/com.st.stm32cube.ide.mcu.externaltools.gnu-tools-for-stm32.11.3.rel1.win32_1.1.100.202309141235/tools/bin/../lib/gcc/arm-none-eabi/11.3.1/../../../../arm-none-eabi/lib/thumb/v7e-m+fp/hard\libnosys.a
END GROUP
LOAD C:/ST/STM32CubeIDE_1.14.0/STM32CubeIDE/plugins/com.st.stm32cube.ide.mcu.externaltools.gnu-tools-for-stm32.11.3.rel1.win32_1.1.100.202309141235/tools/bin/../lib/gcc/arm-none-eabi/11.3.1/thumb/v7e-m+fp/hard/crtend.o
LOAD C:/ST/STM32CubeIDE_1.14.0/STM32CubeIDE/plugins/com.st.stm32cube.ide.mcu.externaltools.gnu-tools-for-stm32.11.3.rel1.win32_1.1.100.202309141235/tools/bin/../lib/gcc/arm-none-eabi/11.3.1/thumb/v7e-m+fp/hard/crtn.o
                0x0000000020050000                _estack = 0x20050000
                0x0000000000000200                _Min_Heap_Size = 0x200
                0x0000000000000400                _Min_Stack_Size = 0x400

.isr_vector     0x0000000008000000      0x1b4
                0x0000000008000000                . = ALIGN (0x4)
 *(.isr_vector)
 .isr_vector    0x0000000008000000      0x1b4 ./Example/Startup/startup_stm32f469nihx.o
                0x0000000008000000                g_pfnVectors
                0x00000000080001b4                . = ALIGN (0x4)

.text           0x00000000080001b4     0x4f40
                0x00000000080001b4                . = ALIGN (0x4)
 *(.text)
 .text          0x00000000080001b4       0x40 C:/ST/STM32CubeIDE_1.14.0/STM32CubeIDE/plugins/com.st.stm32cube.ide.mcu.externaltools.gnu-tools-for-stm32.11.3.rel1.win32_1.1.100.202309141235/tools/bin/../lib/gcc/arm-none-eabi/11.3.1/thumb/v7e-m+fp/hard/crtbegin.o
 .text          0x00000000080001f4       0x30 C:/ST/STM32CubeIDE_1.14.0/STM32CubeIDE/plugins/com.st.stm32cube.ide.mcu.externaltools.gnu-tools-for-stm32.11.3.rel1.win32_1.1.100.202309141235/tools/bin/../lib/gcc/arm-none-eabi/11.3.1/thumb/v7e-m+fp/hard\libgcc.a(_aeabi_uldivmod.o)
                0x00000000080001f4                __aeabi_uldivmod
 .text          0x0000000008000224      0x2c8 C:/ST/STM32CubeIDE_1.14.0/STM32CubeIDE/plugins/com.st.stm32cube.ide.mcu.externaltools.gnu-tools-for-stm32.11.3.rel1.win32_1.1.100.202309141235/tools/bin/../lib/gcc/arm-none-eabi/11.3.1/thumb/v7e-m+fp/hard\libgcc.a(_udivmoddi4.o)
                0x0000000008000224                __udivmoddi4
 .text          0x00000000080004ec        0x4 C:/ST/STM32CubeIDE_1.14.0/STM32CubeIDE/plugins/com.st.stm32cube.ide.mcu.externaltools.gnu-tools-for-stm32.11.3.rel1.win32_1.1.100.202309141235/tools/bin/../lib/gcc/arm-none-eabi/11.3.1/thumb/v7e-m+fp/hard\libgcc.a(_dvmd_tls.o)
                0x00000000080004ec                __aeabi_idiv0
                0x00000000080004ec                __aeabi_ldiv0
 *(.text*)
 .text.NT35510_Init
                0x00000000080004f0      0x3f0 ./Drivers/BSP/Components/nt35510.o
                0x00000000080004f0                NT35510_Init
 .text.BSP_LED_On
                0x00000000080008e0       0x3c ./Drivers/BSP/STM32469I-Discovery/stm32469i_discovery.o
                0x00000000080008e0                BSP_LED_On
 .text.NT35510_IO_Delay
                0x000000000800091c       0x16 ./Drivers/BSP/STM32469I-Discovery/stm32469i_discovery.o
                0x000000000800091c                NT35510_IO_Delay
 *fill*         0x0000000008000932        0x2 
 .text.BSP_LCD_Reset
                0x0000000008000934       0x6c ./Drivers/BSP/STM32469I-Discovery/stm32469i_discovery_lcd.o
                0x0000000008000934                BSP_LCD_Reset
 .text.BSP_LCD_GetXSize
                0x00000000080009a0       0x18 ./Drivers/BSP/STM32469I-Discovery/stm32469i_discovery_lcd.o
                0x00000000080009a0                BSP_LCD_GetXSize
 .text.BSP_LCD_GetYSize
                0x00000000080009b8       0x18 ./Drivers/BSP/STM32469I-Discovery/stm32469i_discovery_lcd.o
                0x00000000080009b8                BSP_LCD_GetYSize
 .text.BSP_LCD_LayerDefaultInit
                0x00000000080009d0       0xc0 ./Drivers/BSP/STM32469I-Discovery/stm32469i_discovery_lcd.o
                0x00000000080009d0                BSP_LCD_LayerDefaultInit
 .text.BSP_LCD_SelectLayer
                0x0000000008000a90       0x20 ./Drivers/BSP/STM32469I-Discovery/stm32469i_discovery_lcd.o
                0x0000000008000a90                BSP_LCD_SelectLayer
 .text.BSP_LCD_SetTextColor
                0x0000000008000ab0       0x30 ./Drivers/BSP/STM32469I-Discovery/stm32469i_discovery_lcd.o
                0x0000000008000ab0                BSP_LCD_SetTextColor
 .text.BSP_LCD_SetBackColor
                0x0000000008000ae0       0x34 ./Drivers/BSP/STM32469I-Discovery/stm32469i_discovery_lcd.o
                0x0000000008000ae0                BSP_LCD_SetBackColor
 .text.BSP_LCD_SetFont
                0x0000000008000b14       0x34 ./Drivers/BSP/STM32469I-Discovery/stm32469i_discovery_lcd.o
                0x0000000008000b14                BSP_LCD_SetFont
 .text.BSP_LCD_GetFont
                0x0000000008000b48       0x2c ./Drivers/BSP/STM32469I-Discovery/stm32469i_discovery_lcd.o
                0x0000000008000b48                BSP_LCD_GetFont
 .text.BSP_LCD_DisplayChar
                0x0000000008000b74       0x88 ./Drivers/BSP/STM32469I-Discovery/stm32469i_discovery_lcd.o
                0x0000000008000b74                BSP_LCD_DisplayChar
 .text.BSP_LCD_DisplayStringAt
                0x0000000008000bfc      0x190 ./Drivers/BSP/STM32469I-Discovery/stm32469i_discovery_lcd.o
                0x0000000008000bfc                BSP_LCD_DisplayStringAt
 .text.BSP_LCD_DisplayStringAtLine
                0x0000000008000d8c       0x2e ./Drivers/BSP/STM32469I-Discovery/stm32469i_discovery_lcd.o
                0x0000000008000d8c                BSP_LCD_DisplayStringAtLine
 *fill*         0x0000000008000dba        0x2 
 .text.BSP_LCD_FillRect
                0x0000000008000dbc       0xb4 ./Drivers/BSP/STM32469I-Discovery/stm32469i_discovery_lcd.o
                0x0000000008000dbc                BSP_LCD_FillRect
 .text.DSI_IO_WriteCmd
                0x0000000008000e70       0x54 ./Drivers/BSP/STM32469I-Discovery/stm32469i_discovery_lcd.o
                0x0000000008000e70                DSI_IO_WriteCmd
 .text.BSP_LCD_MspInit
                0x0000000008000ec4       0xe0 ./Drivers/BSP/STM32469I-Discovery/stm32469i_discovery_lcd.o
                0x0000000008000ec4                BSP_LCD_MspInit
 .text.BSP_LCD_DrawPixel
                0x0000000008000fa4       0x4c ./Drivers/BSP/STM32469I-Discovery/stm32469i_discovery_lcd.o
                0x0000000008000fa4                BSP_LCD_DrawPixel
 .text.DrawChar
                0x0000000008000ff0      0x170 ./Drivers/BSP/STM32469I-Discovery/stm32469i_discovery_lcd.o
 .text.LL_FillBuffer
                0x0000000008001160       0x70 ./Drivers/BSP/STM32469I-Discovery/stm32469i_discovery_lcd.o
 .text.BSP_SDRAM_Init
                0x00000000080011d0       0xbc ./Drivers/BSP/STM32469I-Discovery/stm32469i_discovery_sdram.o
                0x00000000080011d0                BSP_SDRAM_Init
 .text.BSP_SDRAM_Initialization_sequence
                0x000000000800128c       0xc0 ./Drivers/BSP/STM32469I-Discovery/stm32469i_discovery_sdram.o
                0x000000000800128c                BSP_SDRAM_Initialization_sequence
 .text.BSP_SDRAM_MspInit
                0x000000000800134c      0x24c ./Drivers/BSP/STM32469I-Discovery/stm32469i_discovery_sdram.o
                0x000000000800134c                BSP_SDRAM_MspInit
 .text.SystemInit
                0x0000000008001598       0x6c ./Drivers/CMSIS/system_stm32f4xx.o
                0x0000000008001598                SystemInit
 .text.HAL_Init
                0x0000000008001604       0x44 ./Drivers/STM32F4xx_HAL_Driver/stm32f4xx_hal.o
                0x0000000008001604                HAL_Init
 .text.HAL_MspInit
                0x0000000008001648        0xe ./Drivers/STM32F4xx_HAL_Driver/stm32f4xx_hal.o
                0x0000000008001648                HAL_MspInit
 *fill*         0x0000000008001656        0x2 
 .text.HAL_InitTick
                0x0000000008001658       0x60 ./Drivers/STM32F4xx_HAL_Driver/stm32f4xx_hal.o
                0x0000000008001658                HAL_InitTick
 .text.HAL_IncTick
                0x00000000080016b8       0x28 ./Drivers/STM32F4xx_HAL_Driver/stm32f4xx_hal.o
                0x00000000080016b8                HAL_IncTick
 .text.HAL_GetTick
                0x00000000080016e0       0x18 ./Drivers/STM32F4xx_HAL_Driver/stm32f4xx_hal.o
                0x00000000080016e0                HAL_GetTick
 .text.HAL_Delay
                0x00000000080016f8       0x48 ./Drivers/STM32F4xx_HAL_Driver/stm32f4xx_hal.o
                0x00000000080016f8                HAL_Delay
 .text.__NVIC_SetPriorityGrouping
                0x0000000008001740       0x48 ./Drivers/STM32F4xx_HAL_Driver/stm32f4xx_hal_cortex.o
 .text.__NVIC_GetPriorityGrouping
                0x0000000008001788       0x1c ./Drivers/STM32F4xx_HAL_Driver/stm32f4xx_hal_cortex.o
 .text.__NVIC_EnableIRQ
                0x00000000080017a4       0x3c ./Drivers/STM32F4xx_HAL_Driver/stm32f4xx_hal_cortex.o
 .text.__NVIC_SetPriority
                0x00000000080017e0       0x54 ./Drivers/STM32F4xx_HAL_Driver/stm32f4xx_hal_cortex.o
 .text.NVIC_EncodePriority
                0x0000000008001834       0x66 ./Drivers/STM32F4xx_HAL_Driver/stm32f4xx_hal_cortex.o
 *fill*         0x000000000800189a        0x2 
 .text.SysTick_Config
                0x000000000800189c       0x44 ./Drivers/STM32F4xx_HAL_Driver/stm32f4xx_hal_cortex.o
 .text.HAL_NVIC_SetPriorityGrouping
                0x00000000080018e0       0x16 ./Drivers/STM32F4xx_HAL_Driver/stm32f4xx_hal_cortex.o
                0x00000000080018e0                HAL_NVIC_SetPriorityGrouping
 .text.HAL_NVIC_SetPriority
                0x00000000080018f6       0x38 ./Drivers/STM32F4xx_HAL_Driver/stm32f4xx_hal_cortex.o
                0x00000000080018f6                HAL_NVIC_SetPriority
 .text.HAL_NVIC_EnableIRQ
                0x000000000800192e       0x1c ./Drivers/STM32F4xx_HAL_Driver/stm32f4xx_hal_cortex.o
                0x000000000800192e                HAL_NVIC_EnableIRQ
 .text.HAL_SYSTICK_Config
                0x000000000800194a       0x18 ./Drivers/STM32F4xx_HAL_Driver/stm32f4xx_hal_cortex.o
                0x000000000800194a                HAL_SYSTICK_Config
 *fill*         0x0000000008001962        0x2 
 .text.HAL_DMA_Init
                0x0000000008001964      0x15c ./Drivers/STM32F4xx_HAL_Driver/stm32f4xx_hal_dma.o
                0x0000000008001964                HAL_DMA_Init
 .text.HAL_DMA_DeInit
                0x0000000008001ac0       0xbc ./Drivers/STM32F4xx_HAL_Driver/stm32f4xx_hal_dma.o
                0x0000000008001ac0                HAL_DMA_DeInit
 .text.DMA_CalcBaseAndBitshift
                0x0000000008001b7c       0x6c ./Drivers/STM32F4xx_HAL_Driver/stm32f4xx_hal_dma.o
 .text.DMA_CheckFifoParam
                0x0000000008001be8       0xf8 ./Drivers/STM32F4xx_HAL_Driver/stm32f4xx_hal_dma.o
 .text.HAL_DMA2D_Init
                0x0000000008001ce0       0x92 ./Drivers/STM32F4xx_HAL_Driver/stm32f4xx_hal_dma2d.o
                0x0000000008001ce0                HAL_DMA2D_Init
 .text.HAL_DMA2D_MspInit
                0x0000000008001d72       0x14 ./Drivers/STM32F4xx_HAL_Driver/stm32f4xx_hal_dma2d.o
                0x0000000008001d72                HAL_DMA2D_MspInit
 .text.HAL_DMA2D_Start
                0x0000000008001d86       0x56 ./Drivers/STM32F4xx_HAL_Driver/stm32f4xx_hal_dma2d.o
                0x0000000008001d86                HAL_DMA2D_Start
 .text.HAL_DMA2D_PollForTransfer
                0x0000000008001ddc      0x1d2 ./Drivers/STM32F4xx_HAL_Driver/stm32f4xx_hal_dma2d.o
                0x0000000008001ddc                HAL_DMA2D_PollForTransfer
 *fill*         0x0000000008001fae        0x2 
 .text.HAL_DMA2D_ConfigLayer
                0x0000000008001fb0      0x124 ./Drivers/STM32F4xx_HAL_Driver/stm32f4xx_hal_dma2d.o
                0x0000000008001fb0                HAL_DMA2D_ConfigLayer
 .text.DMA2D_SetConfig
                0x00000000080020d4      0x138 ./Drivers/STM32F4xx_HAL_Driver/stm32f4xx_hal_dma2d.o
 .text.DSI_ConfigPacketHeader
                0x000000000800220c       0x32 ./Drivers/STM32F4xx_HAL_Driver/stm32f4xx_hal_dsi.o
 .text.DSI_ShortWrite
                0x000000000800223e       0x5e ./Drivers/STM32F4xx_HAL_Driver/stm32f4xx_hal_dsi.o
 .text.HAL_DSI_Init
                0x000000000800229c      0x238 ./Drivers/STM32F4xx_HAL_Driver/stm32f4xx_hal_dsi.o
                0x000000000800229c                HAL_DSI_Init
 .text.HAL_DSI_DeInit
                0x00000000080024d4       0xe8 ./Drivers/STM32F4xx_HAL_Driver/stm32f4xx_hal_dsi.o
                0x00000000080024d4                HAL_DSI_DeInit
 .text.HAL_DSI_MspInit
                0x00000000080025bc       0x14 ./Drivers/STM32F4xx_HAL_Driver/stm32f4xx_hal_dsi.o
                0x00000000080025bc                HAL_DSI_MspInit
 .text.HAL_DSI_MspDeInit
                0x00000000080025d0       0x14 ./Drivers/STM32F4xx_HAL_Driver/stm32f4xx_hal_dsi.o
                0x00000000080025d0                HAL_DSI_MspDeInit
 .text.HAL_DSI_IRQHandler
                0x00000000080025e4      0x192 ./Drivers/STM32F4xx_HAL_Driver/stm32f4xx_hal_dsi.o
                0x00000000080025e4                HAL_DSI_IRQHandler
 .text.HAL_DSI_TearingEffectCallback
                0x0000000008002776       0x14 ./Drivers/STM32F4xx_HAL_Driver/stm32f4xx_hal_dsi.o
                0x0000000008002776                HAL_DSI_TearingEffectCallback
 .text.HAL_DSI_ErrorCallback
                0x000000000800278a       0x14 ./Drivers/STM32F4xx_HAL_Driver/stm32f4xx_hal_dsi.o
                0x000000000800278a                HAL_DSI_ErrorCallback
 .text.HAL_DSI_ConfigAdaptedCommandMode
                0x000000000800279e      0x1ae ./Drivers/STM32F4xx_HAL_Driver/stm32f4xx_hal_dsi.o
                0x000000000800279e                HAL_DSI_ConfigAdaptedCommandMode
 .text.HAL_DSI_ConfigCommand
                0x000000000800294c       0xbc ./Drivers/STM32F4xx_HAL_Driver/stm32f4xx_hal_dsi.o
                0x000000000800294c                HAL_DSI_ConfigCommand
 .text.HAL_DSI_ConfigFlowControl
                0x0000000008002a08       0x50 ./Drivers/STM32F4xx_HAL_Driver/stm32f4xx_hal_dsi.o
                0x0000000008002a08                HAL_DSI_ConfigFlowControl
 .text.HAL_DSI_ConfigPhyTimer
                0x0000000008002a58       0xd4 ./Drivers/STM32F4xx_HAL_Driver/stm32f4xx_hal_dsi.o
                0x0000000008002a58                HAL_DSI_ConfigPhyTimer
 .text.HAL_DSI_Start
                0x0000000008002b2c       0x78 ./Drivers/STM32F4xx_HAL_Driver/stm32f4xx_hal_dsi.o
                0x0000000008002b2c                HAL_DSI_Start
 .text.HAL_DSI_Refresh
                0x0000000008002ba4       0x42 ./Drivers/STM32F4xx_HAL_Driver/stm32f4xx_hal_dsi.o
                0x0000000008002ba4                HAL_DSI_Refresh
 .text.HAL_DSI_ShortWrite
                0x0000000008002be6       0x44 ./Drivers/STM32F4xx_HAL_Driver/stm32f4xx_hal_dsi.o
                0x0000000008002be6                HAL_DSI_ShortWrite
 .text.HAL_DSI_LongWrite
                0x0000000008002c2a      0x130 ./Drivers/STM32F4xx_HAL_Driver/stm32f4xx_hal_dsi.o
                0x0000000008002c2a                HAL_DSI_LongWrite
 *fill*         0x0000000008002d5a        0x2 
 .text.HAL_GPIO_Init
                0x0000000008002d5c      0x358 ./Drivers/STM32F4xx_HAL_Driver/stm32f4xx_hal_gpio.o
                0x0000000008002d5c                HAL_GPIO_Init
 .text.HAL_GPIO_WritePin
                0x00000000080030b4       0x32 ./Drivers/STM32F4xx_HAL_Driver/stm32f4xx_hal_gpio.o
                0x00000000080030b4                HAL_GPIO_WritePin
 *fill*         0x00000000080030e6        0x2 
 .text.HAL_LTDC_Init
                0x00000000080030e8      0x1a0 ./Drivers/STM32F4xx_HAL_Driver/stm32f4xx_hal_ltdc.o
                0x00000000080030e8                HAL_LTDC_Init
 .text.HAL_LTDC_DeInit
                0x0000000008003288       0xae ./Drivers/STM32F4xx_HAL_Driver/stm32f4xx_hal_ltdc.o
                0x0000000008003288                HAL_LTDC_DeInit
 .text.HAL_LTDC_MspInit
                0x0000000008003336       0x14 ./Drivers/STM32F4xx_HAL_Driver/stm32f4xx_hal_ltdc.o
                0x0000000008003336                HAL_LTDC_MspInit
 .text.HAL_LTDC_MspDeInit
                0x000000000800334a       0x14 ./Drivers/STM32F4xx_HAL_Driver/stm32f4xx_hal_ltdc.o
                0x000000000800334a                HAL_LTDC_MspDeInit
 .text.HAL_LTDC_IRQHandler
                0x000000000800335e      0x148 ./Drivers/STM32F4xx_HAL_Driver/stm32f4xx_hal_ltdc.o
                0x000000000800335e                HAL_LTDC_IRQHandler
 .text.HAL_LTDC_ErrorCallback
                0x00000000080034a6       0x14 ./Drivers/STM32F4xx_HAL_Driver/stm32f4xx_hal_ltdc.o
                0x00000000080034a6                HAL_LTDC_ErrorCallback
 .text.HAL_LTDC_LineEventCallback
                0x00000000080034ba       0x14 ./Drivers/STM32F4xx_HAL_Driver/stm32f4xx_hal_ltdc.o
                0x00000000080034ba                HAL_LTDC_LineEventCallback
 .text.HAL_LTDC_ReloadEventCallback
                0x00000000080034ce       0x14 ./Drivers/STM32F4xx_HAL_Driver/stm32f4xx_hal_ltdc.o
                0x00000000080034ce                HAL_LTDC_ReloadEventCallback
 .text.HAL_LTDC_ConfigLayer
                0x00000000080034e2       0x7c ./Drivers/STM32F4xx_HAL_Driver/stm32f4xx_hal_ltdc.o
                0x00000000080034e2                HAL_LTDC_ConfigLayer
 .text.LTDC_SetConfig
                0x000000000800355e      0x32e ./Drivers/STM32F4xx_HAL_Driver/stm32f4xx_hal_ltdc.o
 .text.HAL_PWREx_EnableOverDrive
                0x000000000800388c       0xa0 ./Drivers/STM32F4xx_HAL_Driver/stm32f4xx_hal_pwr_ex.o
                0x000000000800388c                HAL_PWREx_EnableOverDrive
 .text.HAL_RCC_ClockConfig
                0x000000000800392c      0x1cc ./Drivers/STM32F4xx_HAL_Driver/stm32f4xx_hal_rcc.o
                0x000000000800392c                HAL_RCC_ClockConfig
 .text.HAL_RCC_GetSysClockFreq
                0x0000000008003af8      0x20c ./Drivers/STM32F4xx_HAL_Driver/stm32f4xx_hal_rcc.o
                0x0000000008003af8                HAL_RCC_GetSysClockFreq
 .text.HAL_RCCEx_PeriphCLKConfig
                0x0000000008003d04      0x47c ./Drivers/STM32F4xx_HAL_Driver/stm32f4xx_hal_rcc_ex.o
                0x0000000008003d04                HAL_RCCEx_PeriphCLKConfig
 .text.HAL_RCC_OscConfig
                0x0000000008004180      0x508 ./Drivers/STM32F4xx_HAL_Driver/stm32f4xx_hal_rcc_ex.o
                0x0000000008004180                HAL_RCC_OscConfig
 .text.HAL_SDRAM_Init
                0x0000000008004688       0x68 ./Drivers/STM32F4xx_HAL_Driver/stm32f4xx_hal_sdram.o
                0x0000000008004688                HAL_SDRAM_Init
 .text.HAL_SDRAM_MspInit
                0x00000000080046f0       0x14 ./Drivers/STM32F4xx_HAL_Driver/stm32f4xx_hal_sdram.o
                0x00000000080046f0                HAL_SDRAM_MspInit
 .text.HAL_SDRAM_SendCommand
                0x0000000008004704       0x6a ./Drivers/STM32F4xx_HAL_Driver/stm32f4xx_hal_sdram.o
                0x0000000008004704                HAL_SDRAM_SendCommand
 .text.HAL_SDRAM_ProgramRefreshRate
                0x000000000800476e       0x50 ./Drivers/STM32F4xx_HAL_Driver/stm32f4xx_hal_sdram.o
                0x000000000800476e                HAL_SDRAM_ProgramRefreshRate
 .text.FMC_SDRAM_Init
                0x00000000080047be       0xba ./Drivers/STM32F4xx_HAL_Driver/stm32f4xx_ll_fmc.o
                0x00000000080047be                FMC_SDRAM_Init
 .text.FMC_SDRAM_Timing_Init
                0x0000000008004878       0xd2 ./Drivers/STM32F4xx_HAL_Driver/stm32f4xx_ll_fmc.o
                0x0000000008004878                FMC_SDRAM_Timing_Init
 .text.FMC_SDRAM_SendCommand
                0x000000000800494a       0x7a ./Drivers/STM32F4xx_HAL_Driver/stm32f4xx_ll_fmc.o
                0x000000000800494a                FMC_SDRAM_SendCommand
 .text.FMC_SDRAM_ProgramRefreshRate
                0x00000000080049c4       0x2e ./Drivers/STM32F4xx_HAL_Driver/stm32f4xx_ll_fmc.o
                0x00000000080049c4                FMC_SDRAM_ProgramRefreshRate
 *fill*         0x00000000080049f2        0x2 
 .text.Reset_Handler
                0x00000000080049f4       0x50 ./Example/Startup/startup_stm32f469nihx.o
                0x00000000080049f4                Reset_Handler
 .text.Default_Handler
                0x0000000008004a44        0x2 ./Example/Startup/startup_stm32f469nihx.o
                0x0000000008004a44                RTC_Alarm_IRQHandler
                0x0000000008004a44                HASH_RNG_IRQHandler
                0x0000000008004a44                EXTI2_IRQHandler
                0x0000000008004a44                TIM8_CC_IRQHandler
                0x0000000008004a44                UART8_IRQHandler
                0x0000000008004a44                SPI4_IRQHandler
                0x0000000008004a44                TIM1_CC_IRQHandler
                0x0000000008004a44                DMA2_Stream5_IRQHandler
                0x0000000008004a44                DMA1_Stream5_IRQHandler
                0x0000000008004a44                PVD_IRQHandler
                0x0000000008004a44                SDIO_IRQHandler
                0x0000000008004a44                TAMP_STAMP_IRQHandler
                0x0000000008004a44                CAN2_RX1_IRQHandler
                0x0000000008004a44                EXTI3_IRQHandler
                0x0000000008004a44                TIM8_TRG_COM_TIM14_IRQHandler
                0x0000000008004a44                TIM1_UP_TIM10_IRQHandler
                0x0000000008004a44                TIM8_UP_TIM13_IRQHandler
                0x0000000008004a44                I2C3_ER_IRQHandler
                0x0000000008004a44                EXTI0_IRQHandler
                0x0000000008004a44                I2C2_EV_IRQHandler
                0x0000000008004a44                DMA1_Stream2_IRQHandler
                0x0000000008004a44                CAN1_RX0_IRQHandler
                0x0000000008004a44                FPU_IRQHandler
                0x0000000008004a44                OTG_HS_WKUP_IRQHandler
                0x0000000008004a44                LTDC_ER_IRQHandler
                0x0000000008004a44                CAN2_SCE_IRQHandler
                0x0000000008004a44                DMA2_Stream2_IRQHandler
                0x0000000008004a44                SPI1_IRQHandler
                0x0000000008004a44                TIM6_DAC_IRQHandler
                0x0000000008004a44                TIM1_BRK_TIM9_IRQHandler
                0x0000000008004a44                DCMI_IRQHandler
                0x0000000008004a44                CAN2_RX0_IRQHandler
                0x0000000008004a44                DMA2_Stream3_IRQHandler
                0x0000000008004a44                USART6_IRQHandler
                0x0000000008004a44                USART3_IRQHandler
                0x0000000008004a44                CAN1_RX1_IRQHandler
                0x0000000008004a44                UART5_IRQHandler
                0x0000000008004a44                DMA2_Stream0_IRQHandler
                0x0000000008004a44                TIM4_IRQHandler
                0x0000000008004a44                QUADSPI_IRQHandler
                0x0000000008004a44                I2C1_EV_IRQHandler
                0x0000000008004a44                DMA1_Stream6_IRQHandler
                0x0000000008004a44                DMA1_Stream1_IRQHandler
                0x0000000008004a44                UART4_IRQHandler
                0x0000000008004a44                TIM3_IRQHandler
                0x0000000008004a44                RCC_IRQHandler
                0x0000000008004a44                TIM8_BRK_TIM12_IRQHandler
                0x0000000008004a44                Default_Handler
                0x0000000008004a44                EXTI15_10_IRQHandler
                0x0000000008004a44                ADC_IRQHandler
                0x0000000008004a44                DMA1_Stream7_IRQHandler
                0x0000000008004a44                SPI5_IRQHandler
                0x0000000008004a44                TIM7_IRQHandler
                0x0000000008004a44                CAN2_TX_IRQHandler
                0x0000000008004a44                TIM5_IRQHandler
                0x0000000008004a44                DMA2_Stream7_IRQHandler
                0x0000000008004a44                I2C3_EV_IRQHandler
                0x0000000008004a44                EXTI9_5_IRQHandler
                0x0000000008004a44                RTC_WKUP_IRQHandler
                0x0000000008004a44                ETH_WKUP_IRQHandler
                0x0000000008004a44                SPI2_IRQHandler
                0x0000000008004a44                OTG_HS_EP1_IN_IRQHandler
                0x0000000008004a44                DMA1_Stream0_IRQHandler
                0x0000000008004a44                CAN1_TX_IRQHandler
                0x0000000008004a44                EXTI4_IRQHandler
                0x0000000008004a44                ETH_IRQHandler
                0x0000000008004a44                OTG_HS_EP1_OUT_IRQHandler
                0x0000000008004a44                WWDG_IRQHandler
                0x0000000008004a44                SPI6_IRQHandler
                0x0000000008004a44                TIM2_IRQHandler
                0x0000000008004a44                OTG_FS_WKUP_IRQHandler
                0x0000000008004a44                TIM1_TRG_COM_TIM11_IRQHandler
                0x0000000008004a44                OTG_HS_IRQHandler
                0x0000000008004a44                DMA2D_IRQHandler
                0x0000000008004a44                EXTI1_IRQHandler
                0x0000000008004a44                UART7_IRQHandler
                0x0000000008004a44                USART2_IRQHandler
                0x0000000008004a44                I2C2_ER_IRQHandler
                0x0000000008004a44                DMA2_Stream1_IRQHandler
                0x0000000008004a44                CAN1_SCE_IRQHandler
                0x0000000008004a44                FLASH_IRQHandler
                0x0000000008004a44                DMA2_Stream4_IRQHandler
                0x0000000008004a44                USART1_IRQHandler
                0x0000000008004a44                OTG_FS_IRQHandler
                0x0000000008004a44                SPI3_IRQHandler
                0x0000000008004a44                DMA1_Stream4_IRQHandler
                0x0000000008004a44                I2C1_ER_IRQHandler
                0x0000000008004a44                FMC_IRQHandler
                0x0000000008004a44                DMA2_Stream6_IRQHandler
                0x0000000008004a44                SAI1_IRQHandler
                0x0000000008004a44                DMA1_Stream3_IRQHandler
 .text.OnError_Handler
                0x0000000008004a46       0x1e ./Example/User/main.o
 .text.DrawButton
                0x0000000008004a64       0x74 ./Example/User/main.o
 .text.main     0x0000000008004ad8       0xac ./Example/User/main.o
                0x0000000008004ad8                main
 .text.HAL_DSI_EndOfRefreshCallback
                0x0000000008004b84       0x28 ./Example/User/main.o
                0x0000000008004b84                HAL_DSI_EndOfRefreshCallback
 .text.SystemClock_Config
                0x0000000008004bac       0xe0 ./Example/User/main.o
 .text.LCD_Init
                0x0000000008004c8c      0x1c4 ./Example/User/main.o
 .text.LTDC_Init
                0x0000000008004e50       0x90 ./Example/User/main.o
                0x0000000008004e50                LTDC_Init
 .text.LCD_BriefDisplay
                0x0000000008004ee0       0x78 ./Example/User/main.o
 .text.CopyBuffer
                0x0000000008004f58       0xb8 ./Example/User/main.o
 .text.NMI_Handler
                0x0000000008005010        0xe ./Example/User/stm32f4xx_it.o
                0x0000000008005010                NMI_Handler
 .text.HardFault_Handler
                0x000000000800501e        0x6 ./Example/User/stm32f4xx_it.o
                0x000000000800501e                HardFault_Handler
 .text.MemManage_Handler
                0x0000000008005024        0x6 ./Example/User/stm32f4xx_it.o
                0x0000000008005024                MemManage_Handler
 .text.BusFault_Handler
                0x000000000800502a        0x6 ./Example/User/stm32f4xx_it.o
                0x000000000800502a                BusFault_Handler
 .text.UsageFault_Handler
                0x0000000008005030        0x6 ./Example/User/stm32f4xx_it.o
                0x0000000008005030                UsageFault_Handler
 .text.SVC_Handler
                0x0000000008005036        0xe ./Example/User/stm32f4xx_it.o
                0x0000000008005036                SVC_Handler
 .text.DebugMon_Handler
                0x0000000008005044        0xe ./Example/User/stm32f4xx_it.o
                0x0000000008005044                DebugMon_Handler
 .text.PendSV_Handler
                0x0000000008005052        0xe ./Example/User/stm32f4xx_it.o
                0x0000000008005052                PendSV_Handler
 .text.SysTick_Handler
                0x0000000008005060        0xc ./Example/User/stm32f4xx_it.o
                0x0000000008005060                SysTick_Handler
 .text.LTDC_IRQHandler
                0x000000000800506c       0x14 ./Example/User/stm32f4xx_it.o
                0x000000000800506c                LTDC_IRQHandler
 .text.DSI_IRQHandler
                0x0000000008005080       0x14 ./Example/User/stm32f4xx_it.o
                0x0000000008005080                DSI_IRQHandler
 .text.__libc_init_array
                0x0000000008005094       0x48 C:/ST/STM32CubeIDE_1.14.0/STM32CubeIDE/plugins/com.st.stm32cube.ide.mcu.externaltools.gnu-tools-for-stm32.11.3.rel1.win32_1.1.100.202309141235/tools/bin/../lib/gcc/arm-none-eabi/11.3.1/../../../../arm-none-eabi/lib/thumb/v7e-m+fp/hard\libc_nano.a(libc_a-init.o)
                0x0000000008005094                __libc_init_array
 *(.glue_7)
 .glue_7        0x00000000080050dc        0x0 linker stubs
 *(.glue_7t)
 .glue_7t       0x00000000080050dc        0x0 linker stubs
 *(.eh_frame)
 .eh_frame      0x00000000080050dc        0x0 C:/ST/STM32CubeIDE_1.14.0/STM32CubeIDE/plugins/com.st.stm32cube.ide.mcu.externaltools.gnu-tools-for-stm32.11.3.rel1.win32_1.1.100.202309141235/tools/bin/../lib/gcc/arm-none-eabi/11.3.1/thumb/v7e-m+fp/hard/crtbegin.o
 *(.init)
 .init          0x00000000080050dc        0x4 C:/ST/STM32CubeIDE_1.14.0/STM32CubeIDE/plugins/com.st.stm32cube.ide.mcu.externaltools.gnu-tools-for-stm32.11.3.rel1.win32_1.1.100.202309141235/tools/bin/../lib/gcc/arm-none-eabi/11.3.1/thumb/v7e-m+fp/hard/crti.o
                0x00000000080050dc                _init
 .init          0x00000000080050e0        0x8 C:/ST/STM32CubeIDE_1.14.0/STM32CubeIDE/plugins/com.st.stm32cube.ide.mcu.externaltools.gnu-tools-for-stm32.11.3.rel1.win32_1.1.100.202309141235/tools/bin/../lib/gcc/arm-none-eabi/11.3.1/thumb/v7e-m+fp/hard/crtn.o
 *(.fini)
 .fini          0x00000000080050e8        0x4 C:/ST/STM32CubeIDE_1.14.0/STM32CubeIDE/plugins/com.st.stm32cube.ide.mcu.externaltools.gnu-tools-for-stm32.11.3.rel1.win32_1.1.100.202309141235/tools/bin/../lib/gcc/arm-none-eabi/11.3.1/thumb/v7e-m+fp/hard/crti.o
                0x00000000080050e8                _fini
 .fini          0x00000000080050ec        0x8 C:/ST/STM32CubeIDE_1.14.0/STM32CubeIDE/plugins/com.st.stm32cube.ide.mcu.externaltools.gnu-tools-for-stm32.11.3.rel1.win32_1.1.100.202309141235/tools/bin/../lib/gcc/arm-none-eabi/11.3.1/thumb/v7e-m+fp/hard/crtn.o
                0x00000000080050f4                . = ALIGN (0x4)
                0x00000000080050f4                _etext = .

.vfp11_veneer   0x00000000080050f4        0x0
 .vfp11_veneer  0x00000000080050f4        0x0 linker stubs

.v4_bx          0x00000000080050f4        0x0
 .v4_bx         0x00000000080050f4        0x0 linker stubs

.iplt           0x00000000080050f4        0x0
 .iplt          0x00000000080050f4        0x0 C:/ST/STM32CubeIDE_1.14.0/STM32CubeIDE/plugins/com.st.stm32cube.ide.mcu.externaltools.gnu-tools-for-stm32.11.3.rel1.win32_1.1.100.202309141235/tools/bin/../lib/gcc/arm-none-eabi/11.3.1/thumb/v7e-m+fp/hard/crtbegin.o

.rodata         0x00000000080050f4    0x4e660
                0x00000000080050f4                . = ALIGN (0x4)
 *(.rodata)
 .rodata        0x00000000080050f4       0x41 ./Drivers/BSP/Components/nt35510.o
 *fill*         0x0000000008005135        0x3 
 .rodata        0x0000000008005138       0x94 ./Example/User/main.o
 *(.rodata*)
 .rodata.Font24_Table
                0x00000000080051cc     0x1ab8 ./Drivers/BSP/STM32469I-Discovery/stm32469i_discovery_lcd.o
                0x00000000080051cc                Font24_Table
 .rodata.Font20_Table
                0x0000000008006c84      0xed8 ./Drivers/BSP/STM32469I-Discovery/stm32469i_discovery_lcd.o
                0x0000000008006c84                Font20_Table
 .rodata.Font16_Table
                0x0000000008007b5c      0xbe0 ./Drivers/BSP/STM32469I-Discovery/stm32469i_discovery_lcd.o
                0x0000000008007b5c                Font16_Table
 .rodata.AHBPrescTable
                0x000000000800873c       0x10 ./Drivers/CMSIS/system_stm32f4xx.o
                0x000000000800873c                AHBPrescTable
 .rodata.flagBitshiftOffset.0
                0x000000000800874c        0x8 ./Drivers/STM32F4xx_HAL_Driver/stm32f4xx_hal_dma.o
 .rodata.image_320x240_argb8888
                0x0000000008008754    0x4b000 ./Example/User/main.o
                0x0000000008008754                image_320x240_argb8888
                0x0000000008053754                . = ALIGN (0x4)

.ARM.extab
 *(.ARM.extab* .gnu.linkonce.armextab.*)

.ARM            0x0000000008053754        0x8
                0x0000000008053754                __exidx_start = .
 *(.ARM.exidx*)
 .ARM.exidx     0x0000000008053754        0x8 C:/ST/STM32CubeIDE_1.14.0/STM32CubeIDE/plugins/com.st.stm32cube.ide.mcu.externaltools.gnu-tools-for-stm32.11.3.rel1.win32_1.1.100.202309141235/tools/bin/../lib/gcc/arm-none-eabi/11.3.1/thumb/v7e-m+fp/hard\libgcc.a(_udivmoddi4.o)
                0x000000000805375c                __exidx_end = .

.rel.dyn        0x000000000805375c        0x0
 .rel.iplt      0x000000000805375c        0x0 C:/ST/STM32CubeIDE_1.14.0/STM32CubeIDE/plugins/com.st.stm32cube.ide.mcu.externaltools.gnu-tools-for-stm32.11.3.rel1.win32_1.1.100.202309141235/tools/bin/../lib/gcc/arm-none-eabi/11.3.1/thumb/v7e-m+fp/hard/crtbegin.o

.preinit_array  0x000000000805375c        0x0
                0x000000000805375c                PROVIDE (__preinit_array_start = .)
 *(.preinit_array*)
                0x000000000805375c                PROVIDE (__preinit_array_end = .)

.init_array     0x000000000805375c        0x4
                0x000000000805375c                PROVIDE (__init_array_start = .)
 *(SORT_BY_NAME(.init_array.*))
 *(.init_array*)
 .init_array    0x000000000805375c        0x4 C:/ST/STM32CubeIDE_1.14.0/STM32CubeIDE/plugins/com.st.stm32cube.ide.mcu.externaltools.gnu-tools-for-stm32.11.3.rel1.win32_1.1.100.202309141235/tools/bin/../lib/gcc/arm-none-eabi/11.3.1/thumb/v7e-m+fp/hard/crtbegin.o
                0x0000000008053760                PROVIDE (__init_array_end = .)

.fini_array     0x0000000008053760        0x4
                [!provide]                        PROVIDE (__fini_array_start = .)
 *(SORT_BY_NAME(.fini_array.*))
 *(.fini_array*)
 .fini_array    0x0000000008053760        0x4 C:/ST/STM32CubeIDE_1.14.0/STM32CubeIDE/plugins/com.st.stm32cube.ide.mcu.externaltools.gnu-tools-for-stm32.11.3.rel1.win32_1.1.100.202309141235/tools/bin/../lib/gcc/arm-none-eabi/11.3.1/thumb/v7e-m+fp/hard/crtbegin.o
                [!provide]                        PROVIDE (__fini_array_end = .)
                0x0000000008053764                _sidata = LOADADDR (.data)

.data           0x0000000020000000       0x54 load address 0x0000000008053764
                0x0000000020000000                . = ALIGN (0x4)
                0x0000000020000000                _sdata = .
 *(.data)
 *(.data*)
 .data.GPIO_PIN
                0x0000000020000000       0x10 ./Drivers/BSP/STM32469I-Discovery/stm32469i_discovery.o
                0x0000000020000000                GPIO_PIN
 .data.GPIO_PORT
                0x0000000020000010       0x10 ./Drivers/BSP/STM32469I-Discovery/stm32469i_discovery.o
                0x0000000020000010                GPIO_PORT
 .data.Font24   0x0000000020000020        0x8 ./Drivers/BSP/STM32469I-Discovery/stm32469i_discovery_lcd.o
                0x0000000020000020                Font24
 .data.Font20   0x0000000020000028        0x8 ./Drivers/BSP/STM32469I-Discovery/stm32469i_discovery_lcd.o
                0x0000000020000028                Font20
 .data.Font16   0x0000000020000030        0x8 ./Drivers/BSP/STM32469I-Discovery/stm32469i_discovery_lcd.o
                0x0000000020000030                Font16
 .data.lcd_x_size
                0x0000000020000038        0x4 ./Drivers/BSP/STM32469I-Discovery/stm32469i_discovery_lcd.o
                0x0000000020000038                lcd_x_size
 .data.lcd_y_size
                0x000000002000003c        0x4 ./Drivers/BSP/STM32469I-Discovery/stm32469i_discovery_lcd.o
                0x000000002000003c                lcd_y_size
 .data.sdramstatus.3
                0x0000000020000040        0x1 ./Drivers/BSP/STM32469I-Discovery/stm32469i_discovery_sdram.o
 *fill*         0x0000000020000041        0x3 
 .data.SystemCoreClock
                0x0000000020000044        0x4 ./Drivers/CMSIS/system_stm32f4xx.o
                0x0000000020000044                SystemCoreClock
 .data.uwTickPrio
                0x0000000020000048        0x4 ./Drivers/STM32F4xx_HAL_Driver/stm32f4xx_hal.o
                0x0000000020000048                uwTickPrio
 .data.uwTickFreq
                0x000000002000004c        0x1 ./Drivers/STM32F4xx_HAL_Driver/stm32f4xx_hal.o
                0x000000002000004c                uwTickFreq
 *fill*         0x000000002000004d        0x3 
 .data.pending_buffer
                0x0000000020000050        0x4 ./Example/User/main.o
                0x0000000020000054                . = ALIGN (0x4)
                0x0000000020000054                _edata = .
                0x00000000080537b8                _siccmram = LOADADDR (.ccmram)

.igot.plt       0x0000000020000054        0x0 load address 0x00000000080537b8
 .igot.plt      0x0000000020000054        0x0 C:/ST/STM32CubeIDE_1.14.0/STM32CubeIDE/plugins/com.st.stm32cube.ide.mcu.externaltools.gnu-tools-for-stm32.11.3.rel1.win32_1.1.100.202309141235/tools/bin/../lib/gcc/arm-none-eabi/11.3.1/thumb/v7e-m+fp/hard/crtbegin.o

.ccmram         0x0000000010000000        0x0 load address 0x00000000080537b8
                0x0000000010000000                . = ALIGN (0x4)
                0x0000000010000000                _sccmram = .
 *(.ccmram)
 *(.ccmram*)
                0x0000000010000000                . = ALIGN (0x4)
                0x0000000010000000                _eccmram = .
                0x0000000010000000                . = ALIGN (0x4)

.bss            0x0000000020000054      0x300
                0x0000000020000054                _sbss = .
                0x0000000020000054                __bss_start__ = _sbss
 *(.bss)
 .bss           0x0000000020000054       0x1c C:/ST/STM32CubeIDE_1.14.0/STM32CubeIDE/plugins/com.st.stm32cube.ide.mcu.externaltools.gnu-tools-for-stm32.11.3.rel1.win32_1.1.100.202309141235/tools/bin/../lib/gcc/arm-none-eabi/11.3.1/thumb/v7e-m+fp/hard/crtbegin.o
 *(.bss*)
 .bss.hdma2d_eval
                0x0000000020000070       0x40 ./Drivers/BSP/STM32469I-Discovery/stm32469i_discovery_lcd.o
                0x0000000020000070                hdma2d_eval
 .bss.hltdc_eval
                0x00000000200000b0       0xa8 ./Drivers/BSP/STM32469I-Discovery/stm32469i_discovery_lcd.o
                0x00000000200000b0                hltdc_eval
 .bss.hdsi_eval
                0x0000000020000158       0x1c ./Drivers/BSP/STM32469I-Discovery/stm32469i_discovery_lcd.o
                0x0000000020000158                hdsi_eval
 .bss.ActiveLayer
                0x0000000020000174        0x4 ./Drivers/BSP/STM32469I-Discovery/stm32469i_discovery_lcd.o
 .bss.DrawProp  0x0000000020000178       0x18 ./Drivers/BSP/STM32469I-Discovery/stm32469i_discovery_lcd.o
 .bss.sdramHandle
                0x0000000020000190       0x34 ./Drivers/BSP/STM32469I-Discovery/stm32469i_discovery_sdram.o
 .bss.Timing    0x00000000200001c4       0x1c ./Drivers/BSP/STM32469I-Discovery/stm32469i_discovery_sdram.o
 .bss.Command   0x00000000200001e0       0x10 ./Drivers/BSP/STM32469I-Discovery/stm32469i_discovery_sdram.o
 .bss.dma_handle.1
                0x00000000200001f0       0x60 ./Drivers/BSP/STM32469I-Discovery/stm32469i_discovery_sdram.o
 .bss.uwTick    0x0000000020000250        0x4 ./Drivers/STM32F4xx_HAL_Driver/stm32f4xx_hal.o
                0x0000000020000250                uwTick
 .bss.hdma2d    0x0000000020000254       0x40 ./Example/User/main.o
 .bss.PeriphClkInitStruct.4
                0x0000000020000294       0x3c ./Example/User/main.o
 .bss.dsiPllInit.3
                0x00000000200002d0        0xc ./Example/User/main.o
 .bss.CmdCfg.2  0x00000000200002dc       0x2c ./Example/User/main.o
 .bss.LPCmd.1   0x0000000020000308       0x34 ./Example/User/main.o
 .bss.PhyTimings.0
                0x000000002000033c       0x18 ./Example/User/main.o
 *(COMMON)
                0x0000000020000354                . = ALIGN (0x4)
                0x0000000020000354                _ebss = .
                0x0000000020000354                __bss_end__ = _ebss

._user_heap_stack
                0x0000000020000354      0x600
                0x0000000020000354                . = ALIGN (0x4)
                [!provide]                        PROVIDE (end = .)
                0x0000000020000354                PROVIDE (_end = .)
                0x0000000020000554                . = (. + _Min_Heap_Size)
 *fill*         0x0000000020000354      0x200 
                0x0000000020000954                . = (. + _Min_Stack_Size)
 *fill*         0x0000000020000554      0x400 
                0x0000000020000954                . = ALIGN (0x4)

/DISCARD/
 libc.a(*)
 libm.a(*)
 libgcc.a(*)

.ARM.attributes
                0x0000000000000000       0x30
 *(.ARM.attributes)
 .ARM.attributes
                0x0000000000000000       0x1e C:/ST/STM32CubeIDE_1.14.0/STM32CubeIDE/plugins/com.st.stm32cube.ide.mcu.externaltools.gnu-tools-for-stm32.11.3.rel1.win32_1.1.100.202309141235/tools/bin/../lib/gcc/arm-none-eabi/11.3.1/thumb/v7e-m+fp/hard/crti.o
 .ARM.attributes
                0x000000000000001e       0x34 C:/ST/STM32CubeIDE_1.14.0/STM32CubeIDE/plugins/com.st.stm32cube.ide.mcu.externaltools.gnu-tools-for-stm32.11.3.rel1.win32_1.1.100.202309141235/tools/bin/../lib/gcc/arm-none-eabi/11.3.1/thumb/v7e-m+fp/hard/crtbegin.o
 .ARM.attributes
                0x0000000000000052       0x34 ./Drivers/BSP/Components/nt35510.o
 .ARM.attributes
                0x0000000000000086       0x34 ./Drivers/BSP/STM32469I-Discovery/stm32469i_discovery.o
 .ARM.attributes
                0x00000000000000ba       0x34 ./Drivers/BSP/STM32469I-Discovery/stm32469i_discovery_lcd.o
 .ARM.attributes
                0x00000000000000ee       0x34 ./Drivers/BSP/STM32469I-Discovery/stm32469i_discovery_sdram.o
 .ARM.attributes
                0x0000000000000122       0x34 ./Drivers/CMSIS/system_stm32f4xx.o
 .ARM.attributes
                0x0000000000000156       0x34 ./Drivers/STM32F4xx_HAL_Driver/stm32f4xx_hal.o
 .ARM.attributes
                0x000000000000018a       0x34 ./Drivers/STM32F4xx_HAL_Driver/stm32f4xx_hal_cortex.o
 .ARM.attributes
                0x00000000000001be       0x34 ./Drivers/STM32F4xx_HAL_Driver/stm32f4xx_hal_dma.o
 .ARM.attributes
                0x00000000000001f2       0x34 ./Drivers/STM32F4xx_HAL_Driver/stm32f4xx_hal_dma2d.o
 .ARM.attributes
                0x0000000000000226       0x34 ./Drivers/STM32F4xx_HAL_Driver/stm32f4xx_hal_dsi.o
 .ARM.attributes
                0x000000000000025a       0x34 ./Drivers/STM32F4xx_HAL_Driver/stm32f4xx_hal_gpio.o
 .ARM.attributes
                0x000000000000028e       0x34 ./Drivers/STM32F4xx_HAL_Driver/stm32f4xx_hal_ltdc.o
 .ARM.attributes
                0x00000000000002c2       0x34 ./Drivers/STM32F4xx_HAL_Driver/stm32f4xx_hal_pwr_ex.o
 .ARM.attributes
                0x00000000000002f6       0x34 ./Drivers/STM32F4xx_HAL_Driver/stm32f4xx_hal_rcc.o
 .ARM.attributes
                0x000000000000032a       0x34 ./Drivers/STM32F4xx_HAL_Driver/stm32f4xx_hal_rcc_ex.o
 .ARM.attributes
                0x000000000000035e       0x34 ./Drivers/STM32F4xx_HAL_Driver/stm32f4xx_hal_sdram.o
 .ARM.attributes
                0x0000000000000392       0x34 ./Drivers/STM32F4xx_HAL_Driver/stm32f4xx_ll_fmc.o
 .ARM.attributes
                0x00000000000003c6       0x21 ./Example/Startup/startup_stm32f469nihx.o
 .ARM.attributes
                0x00000000000003e7       0x34 ./Example/User/main.o
 .ARM.attributes
                0x000000000000041b       0x34 ./Example/User/stm32f4xx_it.o
 .ARM.attributes
                0x000000000000044f       0x34 C:/ST/STM32CubeIDE_1.14.0/STM32CubeIDE/plugins/com.st.stm32cube.ide.mcu.externaltools.gnu-tools-for-stm32.11.3.rel1.win32_1.1.100.202309141235/tools/bin/../lib/gcc/arm-none-eabi/11.3.1/../../../../arm-none-eabi/lib/thumb/v7e-m+fp/hard\libc_nano.a(libc_a-init.o)
 .ARM.attributes
                0x0000000000000483       0x1e C:/ST/STM32CubeIDE_1.14.0/STM32CubeIDE/plugins/com.st.stm32cube.ide.mcu.externaltools.gnu-tools-for-stm32.11.3.rel1.win32_1.1.100.202309141235/tools/bin/../lib/gcc/arm-none-eabi/11.3.1/thumb/v7e-m+fp/hard\libgcc.a(_aeabi_uldivmod.o)
 .ARM.attributes
                0x00000000000004a1       0x34 C:/ST/STM32CubeIDE_1.14.0/STM32CubeIDE/plugins/com.st.stm32cube.ide.mcu.externaltools.gnu-tools-for-stm32.11.3.rel1.win32_1.1.100.202309141235/tools/bin/../lib/gcc/arm-none-eabi/11.3.1/thumb/v7e-m+fp/hard\libgcc.a(_udivmoddi4.o)
 .ARM.attributes
                0x00000000000004d5       0x1e C:/ST/STM32CubeIDE_1.14.0/STM32CubeIDE/plugins/com.st.stm32cube.ide.mcu.externaltools.gnu-tools-for-stm32.11.3.rel1.win32_1.1.100.202309141235/tools/bin/../lib/gcc/arm-none-eabi/11.3.1/thumb/v7e-m+fp/hard\libgcc.a(_dvmd_tls.o)
 .ARM.attributes
                0x00000000000004f3       0x1e C:/ST/STM32CubeIDE_1.14.0/STM32CubeIDE/plugins/com.st.stm32cube.ide.mcu.externaltools.gnu-tools-for-stm32.11.3.rel1.win32_1.1.100.202309141235/tools/bin/../lib/gcc/arm-none-eabi/11.3.1/thumb/v7e-m+fp/hard/crtn.o
OUTPUT(TouchScreen_Button.elf elf32-littlearm)
LOAD linker stubs
LOAD C:/ST/STM32CubeIDE_1.14.0/STM32CubeIDE/plugins/com.st.stm32cube.ide.mcu.externaltools.gnu-tools-for-stm32.11.3.rel1.win32_1.1.100.202309141235/tools/bin/../lib/gcc/arm-none-eabi/11.3.1/../../../../arm-none-eabi/lib/thumb/v7e-m+fp/hard\libc.a
LOAD C:/ST/STM32CubeIDE_1.14.0/STM32CubeIDE/plugins/com.st.stm32cube.ide.mcu.externaltools.gnu-tools-for-stm32.11.3.rel1.win32_1.1.100.202309141235/tools/bin/../lib/gcc/arm-none-eabi/11.3.1/../../../../arm-none-eabi/lib/thumb/v7e-m+fp/hard\libm.a
LOAD C:/ST/STM32CubeIDE_1.14.0/STM32CubeIDE/plugins/com.st.stm32cube.ide.mcu.externaltools.gnu-tools-for-stm32.11.3.rel1.win32_1.1.100.202309141235/tools/bin/../lib/gcc/arm-none-eabi/11.3.1/thumb/v7e-m+fp/hard\libgcc.a

.comment        0x0000000000000000       0x43
 .comment       0x0000000000000000       0x43 C:/ST/STM32CubeIDE_1.14.0/STM32CubeIDE/plugins/com.st.stm32cube.ide.mcu.externaltools.gnu-tools-for-stm32.11.3.rel1.win32_1.1.100.202309141235/tools/bin/../lib/gcc/arm-none-eabi/11.3.1/thumb/v7e-m+fp/hard/crtbegin.o
                                         0x44 (size before relaxing)
 .comment       0x0000000000000043       0x44 ./Drivers/BSP/Components/nt35510.o
 .comment       0x0000000000000043       0x44 ./Drivers/BSP/STM32469I-Discovery/stm32469i_discovery.o
 .comment       0x0000000000000043       0x44 ./Drivers/BSP/STM32469I-Discovery/stm32469i_discovery_lcd.o
 .comment       0x0000000000000043       0x44 ./Drivers/BSP/STM32469I-Discovery/stm32469i_discovery_sdram.o
 .comment       0x0000000000000043       0x44 ./Drivers/CMSIS/system_stm32f4xx.o
 .comment       0x0000000000000043       0x44 ./Drivers/STM32F4xx_HAL_Driver/stm32f4xx_hal.o
 .comment       0x0000000000000043       0x44 ./Drivers/STM32F4xx_HAL_Driver/stm32f4xx_hal_cortex.o
 .comment       0x0000000000000043       0x44 ./Drivers/STM32F4xx_HAL_Driver/stm32f4xx_hal_dma.o
 .comment       0x0000000000000043       0x44 ./Drivers/STM32F4xx_HAL_Driver/stm32f4xx_hal_dma2d.o
 .comment       0x0000000000000043       0x44 ./Drivers/STM32F4xx_HAL_Driver/stm32f4xx_hal_dsi.o
 .comment       0x0000000000000043       0x44 ./Drivers/STM32F4xx_HAL_Driver/stm32f4xx_hal_gpio.o
 .comment       0x0000000000000043       0x44 ./Drivers/STM32F4xx_HAL_Driver/stm32f4xx_hal_ltdc.o
 .comment       0x0000000000000043       0x44 ./Drivers/STM32F4xx_HAL_Driver/stm32f4xx_hal_pwr_ex.o
 .comment       0x0000000000000043       0x44 ./Drivers/STM32F4xx_HAL_Driver/stm32f4xx_hal_rcc.o
 .comment       0x0000000000000043       0x44 ./Drivers/STM32F4xx_HAL_Driver/stm32f4xx_hal_rcc_ex.o
 .comment       0x0000000000000043       0x44 ./Drivers/STM32F4xx_HAL_Driver/stm32f4xx_hal_sdram.o
 .comment       0x0000000000000043       0x44 ./Drivers/STM32F4xx_HAL_Driver/stm32f4xx_ll_fmc.o
 .comment       0x0000000000000043       0x44 ./Example/User/main.o
 .comment       0x0000000000000043       0x44 ./Example/User/stm32f4xx_it.o

.debug_info     0x0000000000000000    0x1159e
 .debug_info    0x0000000000000000      0x3d5 ./Drivers/BSP/Components/nt35510.o
 .debug_info    0x00000000000003d5     0x1785 ./Drivers/BSP/STM32469I-Discovery/stm32469i_discovery.o
 .debug_info    0x0000000000001b5a     0x2e03 ./Drivers/BSP/STM32469I-Discovery/stm32469i_discovery_lcd.o
 .debug_info    0x000000000000495d     0x1072 ./Drivers/BSP/STM32469I-Discovery/stm32469i_discovery_sdram.o
 .debug_info    0x00000000000059cf      0x52e ./Drivers/CMSIS/system_stm32f4xx.o
 .debug_info    0x0000000000005efd      0x9c6 ./Drivers/STM32F4xx_HAL_Driver/stm32f4xx_hal.o
 .debug_info    0x00000000000068c3      0xd99 ./Drivers/STM32F4xx_HAL_Driver/stm32f4xx_hal_cortex.o
 .debug_info    0x000000000000765c      0x8e7 ./Drivers/STM32F4xx_HAL_Driver/stm32f4xx_hal_dma.o
 .debug_info    0x0000000000007f43      0xe6e ./Drivers/STM32F4xx_HAL_Driver/stm32f4xx_hal_dma2d.o
 .debug_info    0x0000000000008db1     0x193d ./Drivers/STM32F4xx_HAL_Driver/stm32f4xx_hal_dsi.o
 .debug_info    0x000000000000a6ee      0x6db ./Drivers/STM32F4xx_HAL_Driver/stm32f4xx_hal_gpio.o
 .debug_info    0x000000000000adc9     0x1022 ./Drivers/STM32F4xx_HAL_Driver/stm32f4xx_hal_ltdc.o
 .debug_info    0x000000000000bdeb      0x6be ./Drivers/STM32F4xx_HAL_Driver/stm32f4xx_hal_pwr_ex.o
 .debug_info    0x000000000000c4a9      0x8d5 ./Drivers/STM32F4xx_HAL_Driver/stm32f4xx_hal_rcc.o
 .debug_info    0x000000000000cd7e      0x84d ./Drivers/STM32F4xx_HAL_Driver/stm32f4xx_hal_rcc_ex.o
 .debug_info    0x000000000000d5cb      0xeb4 ./Drivers/STM32F4xx_HAL_Driver/stm32f4xx_hal_sdram.o
 .debug_info    0x000000000000e47f      0xbd8 ./Drivers/STM32F4xx_HAL_Driver/stm32f4xx_ll_fmc.o
 .debug_info    0x000000000000f057       0x23 ./Example/Startup/startup_stm32f469nihx.o
 .debug_info    0x000000000000f07a     0x1a4b ./Example/User/main.o
 .debug_info    0x0000000000010ac5      0xad9 ./Example/User/stm32f4xx_it.o

.debug_abbrev   0x0000000000000000     0x2ac6
 .debug_abbrev  0x0000000000000000       0xbf ./Drivers/BSP/Components/nt35510.o
 .debug_abbrev  0x00000000000000bf      0x302 ./Drivers/BSP/STM32469I-Discovery/stm32469i_discovery.o
 .debug_abbrev  0x00000000000003c1      0x3b7 ./Drivers/BSP/STM32469I-Discovery/stm32469i_discovery_lcd.o
 .debug_abbrev  0x0000000000000778      0x283 ./Drivers/BSP/STM32469I-Discovery/stm32469i_discovery_sdram.o
 .debug_abbrev  0x00000000000009fb      0x11a ./Drivers/CMSIS/system_stm32f4xx.o
 .debug_abbrev  0x0000000000000b15      0x214 ./Drivers/STM32F4xx_HAL_Driver/stm32f4xx_hal.o
 .debug_abbrev  0x0000000000000d29      0x328 ./Drivers/STM32F4xx_HAL_Driver/stm32f4xx_hal_cortex.o
 .debug_abbrev  0x0000000000001051      0x264 ./Drivers/STM32F4xx_HAL_Driver/stm32f4xx_hal_dma.o
 .debug_abbrev  0x00000000000012b5      0x23e ./Drivers/STM32F4xx_HAL_Driver/stm32f4xx_hal_dma2d.o
 .debug_abbrev  0x00000000000014f3      0x25e ./Drivers/STM32F4xx_HAL_Driver/stm32f4xx_hal_dsi.o
 .debug_abbrev  0x0000000000001751      0x1d4 ./Drivers/STM32F4xx_HAL_Driver/stm32f4xx_hal_gpio.o
 .debug_abbrev  0x0000000000001925      0x233 ./Drivers/STM32F4xx_HAL_Driver/stm32f4xx_hal_ltdc.o
 .debug_abbrev  0x0000000000001b58      0x1cf ./Drivers/STM32F4xx_HAL_Driver/stm32f4xx_hal_pwr_ex.o
 .debug_abbrev  0x0000000000001d27      0x2b6 ./Drivers/STM32F4xx_HAL_Driver/stm32f4xx_hal_rcc.o
 .debug_abbrev  0x0000000000001fdd      0x1e4 ./Drivers/STM32F4xx_HAL_Driver/stm32f4xx_hal_rcc_ex.o
 .debug_abbrev  0x00000000000021c1      0x240 ./Drivers/STM32F4xx_HAL_Driver/stm32f4xx_hal_sdram.o
 .debug_abbrev  0x0000000000002401      0x1ac ./Drivers/STM32F4xx_HAL_Driver/stm32f4xx_ll_fmc.o
 .debug_abbrev  0x00000000000025ad       0x12 ./Example/Startup/startup_stm32f469nihx.o
 .debug_abbrev  0x00000000000025bf      0x355 ./Example/User/main.o
 .debug_abbrev  0x0000000000002914      0x1b2 ./Example/User/stm32f4xx_it.o

.debug_aranges  0x0000000000000000      0xec0
 .debug_aranges
                0x0000000000000000       0x28 ./Drivers/BSP/Components/nt35510.o
 .debug_aranges
                0x0000000000000028      0x150 ./Drivers/BSP/STM32469I-Discovery/stm32469i_discovery.o
 .debug_aranges
                0x0000000000000178      0x1c0 ./Drivers/BSP/STM32469I-Discovery/stm32469i_discovery_lcd.o
 .debug_aranges
                0x0000000000000338       0x70 ./Drivers/BSP/STM32469I-Discovery/stm32469i_discovery_sdram.o
 .debug_aranges
                0x00000000000003a8       0x28 ./Drivers/CMSIS/system_stm32f4xx.o
 .debug_aranges
                0x00000000000003d0      0x100 ./Drivers/STM32F4xx_HAL_Driver/stm32f4xx_hal.o
 .debug_aranges
                0x00000000000004d0      0x120 ./Drivers/STM32F4xx_HAL_Driver/stm32f4xx_hal_cortex.o
 .debug_aranges
                0x00000000000005f0       0x90 ./Drivers/STM32F4xx_HAL_Driver/stm32f4xx_hal_dma.o
 .debug_aranges
                0x0000000000000680      0x118 ./Drivers/STM32F4xx_HAL_Driver/stm32f4xx_hal_dma2d.o
 .debug_aranges
                0x0000000000000798      0x178 ./Drivers/STM32F4xx_HAL_Driver/stm32f4xx_hal_dsi.o
 .debug_aranges
                0x0000000000000910       0x58 ./Drivers/STM32F4xx_HAL_Driver/stm32f4xx_hal_gpio.o
 .debug_aranges
                0x0000000000000968      0x158 ./Drivers/STM32F4xx_HAL_Driver/stm32f4xx_hal_ltdc.o
 .debug_aranges
                0x0000000000000ac0       0x60 ./Drivers/STM32F4xx_HAL_Driver/stm32f4xx_hal_pwr_ex.o
 .debug_aranges
                0x0000000000000b20       0x88 ./Drivers/STM32F4xx_HAL_Driver/stm32f4xx_hal_rcc.o
 .debug_aranges
                0x0000000000000ba8       0x70 ./Drivers/STM32F4xx_HAL_Driver/stm32f4xx_hal_rcc_ex.o
 .debug_aranges
                0x0000000000000c18       0xe8 ./Drivers/STM32F4xx_HAL_Driver/stm32f4xx_hal_sdram.o
 .debug_aranges
                0x0000000000000d00       0xc8 ./Drivers/STM32F4xx_HAL_Driver/stm32f4xx_ll_fmc.o
 .debug_aranges
                0x0000000000000dc8       0x28 ./Example/Startup/startup_stm32f469nihx.o
 .debug_aranges
                0x0000000000000df0       0x60 ./Example/User/main.o
 .debug_aranges
                0x0000000000000e50       0x70 ./Example/User/stm32f4xx_it.o

.debug_rnglists
                0x0000000000000000      0xb26
 .debug_rnglists
                0x0000000000000000       0x1a ./Drivers/BSP/Components/nt35510.o
 .debug_rnglists
                0x000000000000001a       0xfb ./Drivers/BSP/STM32469I-Discovery/stm32469i_discovery.o
 .debug_rnglists
                0x0000000000000115      0x15f ./Drivers/BSP/STM32469I-Discovery/stm32469i_discovery_lcd.o
 .debug_rnglists
                0x0000000000000274       0x52 ./Drivers/BSP/STM32469I-Discovery/stm32469i_discovery_sdram.o
 .debug_rnglists
                0x00000000000002c6       0x1a ./Drivers/CMSIS/system_stm32f4xx.o
 .debug_rnglists
                0x00000000000002e0       0xbb ./Drivers/STM32F4xx_HAL_Driver/stm32f4xx_hal.o
 .debug_rnglists
                0x000000000000039b       0xd4 ./Drivers/STM32F4xx_HAL_Driver/stm32f4xx_hal_cortex.o
 .debug_rnglists
                0x000000000000046f       0x70 ./Drivers/STM32F4xx_HAL_Driver/stm32f4xx_hal_dma.o
 .debug_rnglists
                0x00000000000004df       0xdc ./Drivers/STM32F4xx_HAL_Driver/stm32f4xx_hal_dma2d.o
 .debug_rnglists
                0x00000000000005bb      0x128 ./Drivers/STM32F4xx_HAL_Driver/stm32f4xx_hal_dsi.o
 .debug_rnglists
                0x00000000000006e3       0x3f ./Drivers/STM32F4xx_HAL_Driver/stm32f4xx_hal_gpio.o
 .debug_rnglists
                0x0000000000000722      0x10a ./Drivers/STM32F4xx_HAL_Driver/stm32f4xx_hal_ltdc.o
 .debug_rnglists
                0x000000000000082c       0x47 ./Drivers/STM32F4xx_HAL_Driver/stm32f4xx_hal_pwr_ex.o
 .debug_rnglists
                0x0000000000000873       0x66 ./Drivers/STM32F4xx_HAL_Driver/stm32f4xx_hal_rcc.o
 .debug_rnglists
                0x00000000000008d9       0x57 ./Drivers/STM32F4xx_HAL_Driver/stm32f4xx_hal_rcc_ex.o
 .debug_rnglists
                0x0000000000000930       0xb1 ./Drivers/STM32F4xx_HAL_Driver/stm32f4xx_hal_sdram.o
 .debug_rnglists
                0x00000000000009e1       0x95 ./Drivers/STM32F4xx_HAL_Driver/stm32f4xx_ll_fmc.o
 .debug_rnglists
                0x0000000000000a76       0x19 ./Example/Startup/startup_stm32f469nihx.o
 .debug_rnglists
                0x0000000000000a8f       0x48 ./Example/User/main.o
 .debug_rnglists
                0x0000000000000ad7       0x4f ./Example/User/stm32f4xx_it.o

.debug_macro    0x0000000000000000    0x2bde2
 .debug_macro   0x0000000000000000      0x158 ./Drivers/BSP/Components/nt35510.o
 .debug_macro   0x0000000000000158      0xaae ./Drivers/BSP/Components/nt35510.o
 .debug_macro   0x0000000000000c06       0x22 ./Drivers/BSP/Components/nt35510.o
 .debug_macro   0x0000000000000c28       0x8e ./Drivers/BSP/Components/nt35510.o
 .debug_macro   0x0000000000000cb6       0x51 ./Drivers/BSP/Components/nt35510.o
 .debug_macro   0x0000000000000d07      0x103 ./Drivers/BSP/Components/nt35510.o
 .debug_macro   0x0000000000000e0a       0x6a ./Drivers/BSP/Components/nt35510.o
 .debug_macro   0x0000000000000e74      0x1df ./Drivers/BSP/Components/nt35510.o
 .debug_macro   0x0000000000001053      0x2c0 ./Drivers/BSP/Components/nt35510.o
 .debug_macro   0x0000000000001313       0x61 ./Drivers/BSP/Components/nt35510.o
 .debug_macro   0x0000000000001374       0x2a ./Drivers/BSP/Components/nt35510.o
 .debug_macro   0x000000000000139e       0x43 ./Drivers/BSP/Components/nt35510.o
 .debug_macro   0x00000000000013e1       0x34 ./Drivers/BSP/Components/nt35510.o
 .debug_macro   0x0000000000001415       0x16 ./Drivers/BSP/Components/nt35510.o
 .debug_macro   0x000000000000142b       0x97 ./Drivers/BSP/Components/nt35510.o
 .debug_macro   0x00000000000014c2      0x369 ./Drivers/BSP/Components/nt35510.o
 .debug_macro   0x000000000000182b       0xfd ./Drivers/BSP/Components/nt35510.o
 .debug_macro   0x0000000000001928       0x10 ./Drivers/BSP/Components/nt35510.o
 .debug_macro   0x0000000000001938       0x16 ./Drivers/BSP/Components/nt35510.o
 .debug_macro   0x000000000000194e       0x43 ./Drivers/BSP/Components/nt35510.o
 .debug_macro   0x0000000000001991       0x34 ./Drivers/BSP/Components/nt35510.o
 .debug_macro   0x00000000000019c5       0x10 ./Drivers/BSP/Components/nt35510.o
 .debug_macro   0x00000000000019d5       0x58 ./Drivers/BSP/Components/nt35510.o
 .debug_macro   0x0000000000001a2d       0x8e ./Drivers/BSP/Components/nt35510.o
 .debug_macro   0x0000000000001abb       0x1c ./Drivers/BSP/Components/nt35510.o
 .debug_macro   0x0000000000001ad7      0x177 ./Drivers/BSP/Components/nt35510.o
 .debug_macro   0x0000000000001c4e       0x16 ./Drivers/BSP/Components/nt35510.o
 .debug_macro   0x0000000000001c64       0x16 ./Drivers/BSP/Components/nt35510.o
 .debug_macro   0x0000000000001c7a      0x147 ./Drivers/BSP/Components/nt35510.o
 .debug_macro   0x0000000000001dc1       0x4c ./Drivers/BSP/Components/nt35510.o
 .debug_macro   0x0000000000001e0d      0x257 ./Drivers/BSP/STM32469I-Discovery/stm32469i_discovery.o
 .debug_macro   0x0000000000002064      0x1ca ./Drivers/BSP/STM32469I-Discovery/stm32469i_discovery.o
 .debug_macro   0x000000000000222e       0x2e ./Drivers/BSP/STM32469I-Discovery/stm32469i_discovery.o
 .debug_macro   0x000000000000225c       0x28 ./Drivers/BSP/STM32469I-Discovery/stm32469i_discovery.o
 .debug_macro   0x0000000000002284       0x1c ./Drivers/BSP/STM32469I-Discovery/stm32469i_discovery.o
 .debug_macro   0x00000000000022a0       0x22 ./Drivers/BSP/STM32469I-Discovery/stm32469i_discovery.o
 .debug_macro   0x00000000000022c2       0xfb ./Drivers/BSP/STM32469I-Discovery/stm32469i_discovery.o
 .debug_macro   0x00000000000023bd     0x1011 ./Drivers/BSP/STM32469I-Discovery/stm32469i_discovery.o
 .debug_macro   0x00000000000033ce      0x11f ./Drivers/BSP/STM32469I-Discovery/stm32469i_discovery.o
 .debug_macro   0x00000000000034ed    0x1d76d ./Drivers/BSP/STM32469I-Discovery/stm32469i_discovery.o
 .debug_macro   0x0000000000020c5a       0x6d ./Drivers/BSP/STM32469I-Discovery/stm32469i_discovery.o
 .debug_macro   0x0000000000020cc7     0x3703 ./Drivers/BSP/STM32469I-Discovery/stm32469i_discovery.o
 .debug_macro   0x00000000000243ca      0x174 ./Drivers/BSP/STM32469I-Discovery/stm32469i_discovery.o
 .debug_macro   0x000000000002453e       0x5c ./Drivers/BSP/STM32469I-Discovery/stm32469i_discovery.o
 .debug_macro   0x000000000002459a      0xde0 ./Drivers/BSP/STM32469I-Discovery/stm32469i_discovery.o
 .debug_macro   0x000000000002537a      0x9e9 ./Drivers/BSP/STM32469I-Discovery/stm32469i_discovery.o
 .debug_macro   0x0000000000025d63      0x115 ./Drivers/BSP/STM32469I-Discovery/stm32469i_discovery.o
 .debug_macro   0x0000000000025e78      0x192 ./Drivers/BSP/STM32469I-Discovery/stm32469i_discovery.o
 .debug_macro   0x000000000002600a       0xa5 ./Drivers/BSP/STM32469I-Discovery/stm32469i_discovery.o
 .debug_macro   0x00000000000260af      0x287 ./Drivers/BSP/STM32469I-Discovery/stm32469i_discovery.o
 .debug_macro   0x0000000000026336       0x5f ./Drivers/BSP/STM32469I-Discovery/stm32469i_discovery.o
 .debug_macro   0x0000000000026395      0x236 ./Drivers/BSP/STM32469I-Discovery/stm32469i_discovery.o
 .debug_macro   0x00000000000265cb      0x208 ./Drivers/BSP/STM32469I-Discovery/stm32469i_discovery.o
 .debug_macro   0x00000000000267d3      0x132 ./Drivers/BSP/STM32469I-Discovery/stm32469i_discovery.o
 .debug_macro   0x0000000000026905      0x41d ./Drivers/BSP/STM32469I-Discovery/stm32469i_discovery.o
 .debug_macro   0x0000000000026d22       0x2e ./Drivers/BSP/STM32469I-Discovery/stm32469i_discovery.o
 .debug_macro   0x0000000000026d50      0x51d ./Drivers/BSP/STM32469I-Discovery/stm32469i_discovery.o
 .debug_macro   0x000000000002726d       0x11 ./Drivers/BSP/STM32469I-Discovery/stm32469i_discovery.o
 .debug_macro   0x000000000002727e      0x1b5 ./Drivers/BSP/STM32469I-Discovery/stm32469i_discovery.o
 .debug_macro   0x0000000000027433       0x22 ./Drivers/BSP/STM32469I-Discovery/stm32469i_discovery.o
 .debug_macro   0x0000000000027455       0xd6 ./Drivers/BSP/STM32469I-Discovery/stm32469i_discovery.o
 .debug_macro   0x000000000002752b      0x198 ./Drivers/BSP/STM32469I-Discovery/stm32469i_discovery.o
 .debug_macro   0x00000000000276c3      0x6fc ./Drivers/BSP/STM32469I-Discovery/stm32469i_discovery.o
 .debug_macro   0x0000000000027dbf       0xd6 ./Drivers/BSP/STM32469I-Discovery/stm32469i_discovery.o
 .debug_macro   0x0000000000027e95      0x127 ./Drivers/BSP/STM32469I-Discovery/stm32469i_discovery.o
 .debug_macro   0x0000000000027fbc       0xe2 ./Drivers/BSP/STM32469I-Discovery/stm32469i_discovery.o
 .debug_macro   0x000000000002809e       0x89 ./Drivers/BSP/STM32469I-Discovery/stm32469i_discovery.o
 .debug_macro   0x0000000000028127      0x2aa ./Drivers/BSP/STM32469I-Discovery/stm32469i_discovery.o
 .debug_macro   0x00000000000283d1      0x2d4 ./Drivers/BSP/STM32469I-Discovery/stm32469i_discovery.o
 .debug_macro   0x00000000000286a5      0x134 ./Drivers/BSP/STM32469I-Discovery/stm32469i_discovery.o
 .debug_macro   0x00000000000287d9      0x22b ./Drivers/BSP/STM32469I-Discovery/stm32469i_discovery.o
 .debug_macro   0x0000000000028a04      0x36a ./Drivers/BSP/STM32469I-Discovery/stm32469i_discovery_lcd.o
 .debug_macro   0x0000000000028d6e      0x2c0 ./Drivers/BSP/STM32469I-Discovery/stm32469i_discovery_lcd.o
 .debug_macro   0x000000000002902e       0x56 ./Drivers/BSP/STM32469I-Discovery/stm32469i_discovery_lcd.o
 .debug_macro   0x0000000000029084       0x9a ./Drivers/BSP/STM32469I-Discovery/stm32469i_discovery_lcd.o
 .debug_macro   0x000000000002911e      0x231 ./Drivers/BSP/STM32469I-Discovery/stm32469i_discovery_lcd.o
 .debug_macro   0x000000000002934f       0x10 ./Drivers/BSP/STM32469I-Discovery/stm32469i_discovery_lcd.o
 .debug_macro   0x000000000002935f       0x10 ./Drivers/BSP/STM32469I-Discovery/stm32469i_discovery_lcd.o
 .debug_macro   0x000000000002936f       0x35 ./Drivers/BSP/STM32469I-Discovery/stm32469i_discovery_lcd.o
 .debug_macro   0x00000000000293a4       0x20 ./Drivers/BSP/STM32469I-Discovery/stm32469i_discovery_lcd.o
 .debug_macro   0x00000000000293c4      0x10b ./Drivers/BSP/STM32469I-Discovery/stm32469i_discovery_lcd.o
 .debug_macro   0x00000000000294cf      0x239 ./Drivers/BSP/STM32469I-Discovery/stm32469i_discovery_sdram.o
 .debug_macro   0x0000000000029708      0x230 ./Drivers/CMSIS/system_stm32f4xx.o
 .debug_macro   0x0000000000029938      0x28a ./Drivers/STM32F4xx_HAL_Driver/stm32f4xx_hal.o
 .debug_macro   0x0000000000029bc2      0x22a ./Drivers/STM32F4xx_HAL_Driver/stm32f4xx_hal_cortex.o
 .debug_macro   0x0000000000029dec      0x230 ./Drivers/STM32F4xx_HAL_Driver/stm32f4xx_hal_dma.o
 .debug_macro   0x000000000002a01c      0x239 ./Drivers/STM32F4xx_HAL_Driver/stm32f4xx_hal_dma2d.o
 .debug_macro   0x000000000002a255      0x278 ./Drivers/STM32F4xx_HAL_Driver/stm32f4xx_hal_dsi.o
 .debug_macro   0x000000000002a4cd      0x230 ./Drivers/STM32F4xx_HAL_Driver/stm32f4xx_hal_gpio.o
 .debug_macro   0x000000000002a6fd      0x232 ./Drivers/STM32F4xx_HAL_Driver/stm32f4xx_hal_ltdc.o
 .debug_macro   0x000000000002a92f      0x242 ./Drivers/STM32F4xx_HAL_Driver/stm32f4xx_hal_pwr_ex.o
 .debug_macro   0x000000000002ab71      0x24e ./Drivers/STM32F4xx_HAL_Driver/stm32f4xx_hal_rcc.o
 .debug_macro   0x000000000002adbf      0x22a ./Drivers/STM32F4xx_HAL_Driver/stm32f4xx_hal_rcc_ex.o
 .debug_macro   0x000000000002afe9      0x22a ./Drivers/STM32F4xx_HAL_Driver/stm32f4xx_hal_sdram.o
 .debug_macro   0x000000000002b213      0x256 ./Drivers/STM32F4xx_HAL_Driver/stm32f4xx_ll_fmc.o
 .debug_macro   0x000000000002b469      0x3d2 ./Example/User/main.o
 .debug_macro   0x000000000002b83b      0x167 ./Example/User/main.o
 .debug_macro   0x000000000002b9a2       0xa0 ./Example/User/main.o
 .debug_macro   0x000000000002ba42       0x1c ./Example/User/main.o
 .debug_macro   0x000000000002ba5e       0x1c ./Example/User/main.o
 .debug_macro   0x000000000002ba7a      0x368 ./Example/User/stm32f4xx_it.o

.debug_line     0x0000000000000000    0x130ae
 .debug_line    0x0000000000000000      0x66e ./Drivers/BSP/Components/nt35510.o
 .debug_line    0x000000000000066e      0xd7e ./Drivers/BSP/STM32469I-Discovery/stm32469i_discovery.o
 .debug_line    0x00000000000013ec     0x1a40 ./Drivers/BSP/STM32469I-Discovery/stm32469i_discovery_lcd.o
 .debug_line    0x0000000000002e2c      0xa4f ./Drivers/BSP/STM32469I-Discovery/stm32469i_discovery_sdram.o
 .debug_line    0x000000000000387b      0x8ec ./Drivers/CMSIS/system_stm32f4xx.o
 .debug_line    0x0000000000004167      0xb6c ./Drivers/STM32F4xx_HAL_Driver/stm32f4xx_hal.o
 .debug_line    0x0000000000004cd3      0xe02 ./Drivers/STM32F4xx_HAL_Driver/stm32f4xx_hal_cortex.o
 .debug_line    0x0000000000005ad5     0x109a ./Drivers/STM32F4xx_HAL_Driver/stm32f4xx_hal_dma.o
 .debug_line    0x0000000000006b6f     0x12ee ./Drivers/STM32F4xx_HAL_Driver/stm32f4xx_hal_dma2d.o
 .debug_line    0x0000000000007e5d     0x2ccd ./Drivers/STM32F4xx_HAL_Driver/stm32f4xx_hal_dsi.o
 .debug_line    0x000000000000ab2a      0xcd2 ./Drivers/STM32F4xx_HAL_Driver/stm32f4xx_hal_gpio.o
 .debug_line    0x000000000000b7fc     0x1869 ./Drivers/STM32F4xx_HAL_Driver/stm32f4xx_hal_ltdc.o
 .debug_line    0x000000000000d065      0xa5f ./Drivers/STM32F4xx_HAL_Driver/stm32f4xx_hal_pwr_ex.o
 .debug_line    0x000000000000dac4      0xebb ./Drivers/STM32F4xx_HAL_Driver/stm32f4xx_hal_rcc.o
 .debug_line    0x000000000000e97f     0x1144 ./Drivers/STM32F4xx_HAL_Driver/stm32f4xx_hal_rcc_ex.o
 .debug_line    0x000000000000fac3      0xf39 ./Drivers/STM32F4xx_HAL_Driver/stm32f4xx_hal_sdram.o
 .debug_line    0x00000000000109fc      0xbfe ./Drivers/STM32F4xx_HAL_Driver/stm32f4xx_ll_fmc.o
 .debug_line    0x00000000000115fa       0x7a ./Example/Startup/startup_stm32f469nihx.o
 .debug_line    0x0000000000011674      0xde1 ./Example/User/main.o
 .debug_line    0x0000000000012455      0xc59 ./Example/User/stm32f4xx_it.o

.debug_str      0x0000000000000000   0x1008fc
 .debug_str     0x0000000000000000     0x853a ./Drivers/BSP/Components/nt35510.o
                                       0x875b (size before relaxing)
 .debug_str     0x000000000000853a    0xf157a ./Drivers/BSP/STM32469I-Discovery/stm32469i_discovery.o
                                      0xf5810 (size before relaxing)
 .debug_str     0x00000000000f9ab4     0x269b ./Drivers/BSP/STM32469I-Discovery/stm32469i_discovery_lcd.o
                                      0xfb1d5 (size before relaxing)
 .debug_str     0x00000000000fc14f      0x4de ./Drivers/BSP/STM32469I-Discovery/stm32469i_discovery_sdram.o
                                      0xf4bab (size before relaxing)
 .debug_str     0x00000000000fc62d      0x137 ./Drivers/CMSIS/system_stm32f4xx.o
                                      0xf3a82 (size before relaxing)
 .debug_str     0x00000000000fc764      0x6b5 ./Drivers/STM32F4xx_HAL_Driver/stm32f4xx_hal.o
                                      0xf46ab (size before relaxing)
 .debug_str     0x00000000000fce19      0x375 ./Drivers/STM32F4xx_HAL_Driver/stm32f4xx_hal_cortex.o
                                      0xf43a7 (size before relaxing)
 .debug_str     0x00000000000fd18e      0x335 ./Drivers/STM32F4xx_HAL_Driver/stm32f4xx_hal_dma.o
                                      0xf3e79 (size before relaxing)
 .debug_str     0x00000000000fd4c3      0x3c5 ./Drivers/STM32F4xx_HAL_Driver/stm32f4xx_hal_dma2d.o
                                      0xf404e (size before relaxing)
 .debug_str     0x00000000000fd888      0x9f7 ./Drivers/STM32F4xx_HAL_Driver/stm32f4xx_hal_dsi.o
                                      0xf4a28 (size before relaxing)
 .debug_str     0x00000000000fe27f      0x149 ./Drivers/STM32F4xx_HAL_Driver/stm32f4xx_hal_gpio.o
                                      0xf3bed (size before relaxing)
 .debug_str     0x00000000000fe3c8      0x3d4 ./Drivers/STM32F4xx_HAL_Driver/stm32f4xx_hal_ltdc.o
                                      0xf40d6 (size before relaxing)
 .debug_str     0x00000000000fe79c      0x18d ./Drivers/STM32F4xx_HAL_Driver/stm32f4xx_hal_pwr_ex.o
                                      0xf3c4a (size before relaxing)
 .debug_str     0x00000000000fe929      0x3c3 ./Drivers/STM32F4xx_HAL_Driver/stm32f4xx_hal_rcc.o
                                      0xf3eab (size before relaxing)
 .debug_str     0x00000000000fecec      0x1a7 ./Drivers/STM32F4xx_HAL_Driver/stm32f4xx_hal_rcc_ex.o
                                      0xf3dc7 (size before relaxing)
 .debug_str     0x00000000000fee93      0x35e ./Drivers/STM32F4xx_HAL_Driver/stm32f4xx_hal_sdram.o
                                      0xf4192 (size before relaxing)
 .debug_str     0x00000000000ff1f1      0x7b9 ./Drivers/STM32F4xx_HAL_Driver/stm32f4xx_ll_fmc.o
                                      0xf435e (size before relaxing)
 .debug_str     0x00000000000ff9aa       0x99 ./Example/Startup/startup_stm32f469nihx.o
 .debug_str     0x00000000000ffa43      0xdb5 ./Example/User/main.o
                                      0xfb880 (size before relaxing)
 .debug_str     0x00000000001007f8      0x104 ./Example/User/stm32f4xx_it.o
                                      0xfa697 (size before relaxing)

.debug_frame    0x0000000000000000     0x3c98
 .debug_frame   0x0000000000000000       0x5c ./Drivers/BSP/Components/nt35510.o
 .debug_frame   0x000000000000005c      0x55c ./Drivers/BSP/STM32469I-Discovery/stm32469i_discovery.o
 .debug_frame   0x00000000000005b8      0x7bc ./Drivers/BSP/STM32469I-Discovery/stm32469i_discovery_lcd.o
 .debug_frame   0x0000000000000d74      0x188 ./Drivers/BSP/STM32469I-Discovery/stm32469i_discovery_sdram.o
 .debug_frame   0x0000000000000efc       0x58 ./Drivers/CMSIS/system_stm32f4xx.o
 .debug_frame   0x0000000000000f54      0x3b4 ./Drivers/STM32F4xx_HAL_Driver/stm32f4xx_hal.o
 .debug_frame   0x0000000000001308      0x4b8 ./Drivers/STM32F4xx_HAL_Driver/stm32f4xx_hal_cortex.o
 .debug_frame   0x00000000000017c0      0x250 ./Drivers/STM32F4xx_HAL_Driver/stm32f4xx_hal_dma.o
 .debug_frame   0x0000000000001a10      0x4e0 ./Drivers/STM32F4xx_HAL_Driver/stm32f4xx_hal_dma2d.o
 .debug_frame   0x0000000000001ef0      0x6dc ./Drivers/STM32F4xx_HAL_Driver/stm32f4xx_hal_dsi.o
 .debug_frame   0x00000000000025cc      0x14c ./Drivers/STM32F4xx_HAL_Driver/stm32f4xx_hal_gpio.o
 .debug_frame   0x0000000000002718      0x61c ./Drivers/STM32F4xx_HAL_Driver/stm32f4xx_hal_ltdc.o
 .debug_frame   0x0000000000002d34      0x14c ./Drivers/STM32F4xx_HAL_Driver/stm32f4xx_hal_pwr_ex.o
 .debug_frame   0x0000000000002e80      0x1f4 ./Drivers/STM32F4xx_HAL_Driver/stm32f4xx_hal_rcc.o
 .debug_frame   0x0000000000003074      0x1b4 ./Drivers/STM32F4xx_HAL_Driver/stm32f4xx_hal_rcc_ex.o
 .debug_frame   0x0000000000003228      0x3e8 ./Drivers/STM32F4xx_HAL_Driver/stm32f4xx_hal_sdram.o
 .debug_frame   0x0000000000003610      0x378 ./Drivers/STM32F4xx_HAL_Driver/stm32f4xx_ll_fmc.o
 .debug_frame   0x0000000000003988      0x140 ./Example/User/main.o
 .debug_frame   0x0000000000003ac8      0x144 ./Example/User/stm32f4xx_it.o
 .debug_frame   0x0000000000003c0c       0x2c C:/ST/STM32CubeIDE_1.14.0/STM32CubeIDE/plugins/com.st.stm32cube.ide.mcu.externaltools.gnu-tools-for-stm32.11.3.rel1.win32_1.1.100.202309141235/tools/bin/../lib/gcc/arm-none-eabi/11.3.1/../../../../arm-none-eabi/lib/thumb/v7e-m+fp/hard\libc_nano.a(libc_a-init.o)
 .debug_frame   0x0000000000003c38       0x2c C:/ST/STM32CubeIDE_1.14.0/STM32CubeIDE/plugins/com.st.stm32cube.ide.mcu.externaltools.gnu-tools-for-stm32.11.3.rel1.win32_1.1.100.202309141235/tools/bin/../lib/gcc/arm-none-eabi/11.3.1/thumb/v7e-m+fp/hard\libgcc.a(_aeabi_uldivmod.o)
 .debug_frame   0x0000000000003c64       0x34 C:/ST/STM32CubeIDE_1.14.0/STM32CubeIDE/plugins/com.st.stm32cube.ide.mcu.externaltools.gnu-tools-for-stm32.11.3.rel1.win32_1.1.100.202309141235/tools/bin/../lib/gcc/arm-none-eabi/11.3.1/thumb/v7e-m+fp/hard\libgcc.a(_udivmoddi4.o)

.debug_line_str
                0x0000000000000000       0x8d
 .debug_line_str
                0x0000000000000000       0x8d ./Example/Startup/startup_stm32f469nihx.o
                                         0xa5 (size before relaxing)
