C:/Users/jbawi/Kata Tasks/2nd Course/STM32CubeIDE/LCD_DSI_CmdMode_SingleBuffer/Src/main.c:45:13:OnError_Handler	16	static
C:/Users/jbawi/Kata Tasks/2nd Course/STM32CubeIDE/LCD_DSI_CmdMode_SingleBuffer/Src/main.c:57:13:DrawButton	16	static
C:/Users/jbawi/Kata Tasks/2nd Course/STM32CubeIDE/LCD_DSI_CmdMode_SingleBuffer/Src/main.c:77:5:main	24	static
C:/Users/jbawi/Kata Tasks/2nd Course/STM32CubeIDE/LCD_DSI_CmdMode_SingleBuffer/Src/main.c:113:6:HAL_DSI_EndOfRefreshCallback	16	static
C:/Users/jbawi/Kata Tasks/2nd Course/STM32CubeIDE/LCD_DSI_CmdMode_SingleBuffer/Src/main.c:129:13:SystemClock_Config	96	static
C:/Users/jbawi/Kata Tasks/2nd Course/STM32CubeIDE/LCD_DSI_CmdMode_SingleBuffer/Src/main.c:186:16:LCD_Init	8	static
C:/Users/jbawi/Kata Tasks/2nd Course/STM32CubeIDE/LCD_DSI_CmdMode_SingleBuffer/Src/main.c:290:6:LTDC_Init	8	static
C:/Users/jbawi/Kata Tasks/2nd Course/STM32CubeIDE/LCD_DSI_CmdMode_SingleBuffer/Src/main.c:326:13:LCD_BriefDisplay	8	static
C:/Users/jbawi/Kata Tasks/2nd Course/STM32CubeIDE/LCD_DSI_CmdMode_SingleBuffer/Src/main.c:355:13:CopyBuffer	40	static
