C:/Users/jbawi/Desktop/Final Project/STM32CubeIDE/LCD_DSI_CmdMode_SingleBuffer/Src/main.c:55:13:OnError_Handler	16	static
C:/Users/jbawi/Desktop/Final Project/STM32CubeIDE/LCD_DSI_CmdMode_SingleBuffer/Src/main.c:67:13:DrawButton	16	static
C:/Users/jbawi/Desktop/Final Project/STM32CubeIDE/LCD_DSI_CmdMode_SingleBuffer/Src/main.c:87:5:main	24	static
C:/Users/jbawi/Desktop/Final Project/STM32CubeIDE/LCD_DSI_CmdMode_SingleBuffer/Src/main.c:123:6:HAL_DSI_EndOfRefreshCallback	16	static
C:/Users/jbawi/Desktop/Final Project/STM32CubeIDE/LCD_DSI_CmdMode_SingleBuffer/Src/main.c:139:13:SystemClock_Config	96	static
C:/Users/jbawi/Desktop/Final Project/STM32CubeIDE/LCD_DSI_CmdMode_SingleBuffer/Src/main.c:196:16:LCD_Init	8	static
C:/Users/jbawi/Desktop/Final Project/STM32CubeIDE/LCD_DSI_CmdMode_SingleBuffer/Src/main.c:300:6:LTDC_Init	8	static
C:/Users/jbawi/Desktop/Final Project/STM32CubeIDE/LCD_DSI_CmdMode_SingleBuffer/Src/main.c:336:13:LCD_BriefDisplay	8	static
C:/Users/jbawi/Desktop/Final Project/STM32CubeIDE/LCD_DSI_CmdMode_SingleBuffer/Src/main.c:365:13:CopyBuffer	40	static
