C:/Users/jbawi/Kata Tasks/2nd Course/STM32CubeIDE/LCD_DSI_CmdMode_SingleBuffer/Src/main.c:45:13:OnError_Handler	2
C:/Users/jbawi/Kata Tasks/2nd Course/STM32CubeIDE/LCD_DSI_CmdMode_SingleBuffer/Src/main.c:57:13:DrawButton	1
C:/Users/jbawi/Kata Tasks/2nd Course/STM32CubeIDE/LCD_DSI_CmdMode_SingleBuffer/Src/main.c:77:5:main	2
C:/Users/jbawi/Kata Tasks/2nd Course/STM32CubeIDE/LCD_DSI_CmdMode_SingleBuffer/Src/main.c:113:6:HAL_DSI_EndOfRefreshCallback	2
C:/Users/jbawi/Kata Tasks/2nd Course/STM32CubeIDE/LCD_DSI_CmdMode_SingleBuffer/Src/main.c:129:13:SystemClock_Config	4
C:/Users/jbawi/Kata Tasks/2nd Course/STM32CubeIDE/LCD_DSI_CmdMode_SingleBuffer/Src/main.c:186:16:LCD_Init	1
C:/Users/jbawi/Kata Tasks/2nd Course/STM32CubeIDE/LCD_DSI_CmdMode_SingleBuffer/Src/main.c:290:6:LTDC_Init	1
C:/Users/jbawi/Kata Tasks/2nd Course/STM32CubeIDE/LCD_DSI_CmdMode_SingleBuffer/Src/main.c:326:13:LCD_BriefDisplay	1
C:/Users/jbawi/Kata Tasks/2nd Course/STM32CubeIDE/LCD_DSI_CmdMode_SingleBuffer/Src/main.c:355:13:CopyBuffer	4
