C:/Users/jbawi/Desktop/Final Project/STM32CubeIDE/LCD_DSI_CmdMode_SingleBuffer/Src/main.c:55:13:OnError_Handler	2
C:/Users/jbawi/Desktop/Final Project/STM32CubeIDE/LCD_DSI_CmdMode_SingleBuffer/Src/main.c:67:13:DrawButton	1
C:/Users/jbawi/Desktop/Final Project/STM32CubeIDE/LCD_DSI_CmdMode_SingleBuffer/Src/main.c:87:5:main	2
C:/Users/jbawi/Desktop/Final Project/STM32CubeIDE/LCD_DSI_CmdMode_SingleBuffer/Src/main.c:123:6:HAL_DSI_EndOfRefreshCallback	2
C:/Users/jbawi/Desktop/Final Project/STM32CubeIDE/LCD_DSI_CmdMode_SingleBuffer/Src/main.c:139:13:SystemClock_Config	4
C:/Users/jbawi/Desktop/Final Project/STM32CubeIDE/LCD_DSI_CmdMode_SingleBuffer/Src/main.c:196:16:LCD_Init	1
C:/Users/jbawi/Desktop/Final Project/STM32CubeIDE/LCD_DSI_CmdMode_SingleBuffer/Src/main.c:300:6:LTDC_Init	1
C:/Users/jbawi/Desktop/Final Project/STM32CubeIDE/LCD_DSI_CmdMode_SingleBuffer/Src/main.c:336:13:LCD_BriefDisplay	1
C:/Users/jbawi/Desktop/Final Project/STM32CubeIDE/LCD_DSI_CmdMode_SingleBuffer/Src/main.c:365:13:CopyBuffer	4
